Archive member included to satisfy reference by file (symbol)

/home/koala/App/eclipse/plugins/fr.ac6.mcu.externaltools.arm-none.linux64_1.13.0.201701121612/tools/compiler/bin/../lib/gcc/arm-none-eabi/5.4.1/../../../../arm-none-eabi/lib/armv7e-m/fpu/libc_nano.a(lib_a-exit.o)
                              /home/koala/App/eclipse/plugins/fr.ac6.mcu.externaltools.arm-none.linux64_1.13.0.201701121612/tools/compiler/bin/../lib/gcc/arm-none-eabi/5.4.1/../../../../arm-none-eabi/lib/armv7e-m/fpu/crt0.o (exit)
/home/koala/App/eclipse/plugins/fr.ac6.mcu.externaltools.arm-none.linux64_1.13.0.201701121612/tools/compiler/bin/../lib/gcc/arm-none-eabi/5.4.1/../../../../arm-none-eabi/lib/armv7e-m/fpu/libc_nano.a(lib_a-impure.o)
                              /home/koala/App/eclipse/plugins/fr.ac6.mcu.externaltools.arm-none.linux64_1.13.0.201701121612/tools/compiler/bin/../lib/gcc/arm-none-eabi/5.4.1/../../../../arm-none-eabi/lib/armv7e-m/fpu/libc_nano.a(lib_a-exit.o) (_global_impure_ptr)
/home/koala/App/eclipse/plugins/fr.ac6.mcu.externaltools.arm-none.linux64_1.13.0.201701121612/tools/compiler/bin/../lib/gcc/arm-none-eabi/5.4.1/../../../../arm-none-eabi/lib/armv7e-m/fpu/libc_nano.a(lib_a-init.o)
                              /home/koala/App/eclipse/plugins/fr.ac6.mcu.externaltools.arm-none.linux64_1.13.0.201701121612/tools/compiler/bin/../lib/gcc/arm-none-eabi/5.4.1/../../../../arm-none-eabi/lib/armv7e-m/fpu/crt0.o (__libc_init_array)
/home/koala/App/eclipse/plugins/fr.ac6.mcu.externaltools.arm-none.linux64_1.13.0.201701121612/tools/compiler/bin/../lib/gcc/arm-none-eabi/5.4.1/../../../../arm-none-eabi/lib/armv7e-m/fpu/libc_nano.a(lib_a-memset.o)
                              /home/koala/App/eclipse/plugins/fr.ac6.mcu.externaltools.arm-none.linux64_1.13.0.201701121612/tools/compiler/bin/../lib/gcc/arm-none-eabi/5.4.1/../../../../arm-none-eabi/lib/armv7e-m/fpu/crt0.o (memset)
/home/koala/App/eclipse/plugins/fr.ac6.mcu.externaltools.arm-none.linux64_1.13.0.201701121612/tools/compiler/bin/../lib/gcc/arm-none-eabi/5.4.1/../../../../arm-none-eabi/lib/armv7e-m/fpu/libnosys.a(_exit.o)
                              /home/koala/App/eclipse/plugins/fr.ac6.mcu.externaltools.arm-none.linux64_1.13.0.201701121612/tools/compiler/bin/../lib/gcc/arm-none-eabi/5.4.1/../../../../arm-none-eabi/lib/armv7e-m/fpu/libc_nano.a(lib_a-exit.o) (_exit)

Allocating common symbols
Common symbol       size              file

uwTick              0x4               Drivers/STM32F3xx_HAL_Driver/Src/stm32f3xx_hal.o
pFlash              0x20              Drivers/STM32F3xx_HAL_Driver/Src/stm32f3xx_hal_flash.o
hdma_dac_ch1        0x44              Src/main.o
hadc1               0x54              Src/main.o
huart1              0x70              Src/main.o
hdac                0x14              Src/main.o
htim6               0x40              Src/main.o
tx_buf              0x64              Src/main.o

Discarded input sections

 .text          0x00000000        0x0 /home/koala/App/eclipse/plugins/fr.ac6.mcu.externaltools.arm-none.linux64_1.13.0.201701121612/tools/compiler/bin/../lib/gcc/arm-none-eabi/5.4.1/armv7e-m/fpu/crti.o
 .data          0x00000000        0x0 /home/koala/App/eclipse/plugins/fr.ac6.mcu.externaltools.arm-none.linux64_1.13.0.201701121612/tools/compiler/bin/../lib/gcc/arm-none-eabi/5.4.1/armv7e-m/fpu/crti.o
 .bss           0x00000000        0x0 /home/koala/App/eclipse/plugins/fr.ac6.mcu.externaltools.arm-none.linux64_1.13.0.201701121612/tools/compiler/bin/../lib/gcc/arm-none-eabi/5.4.1/armv7e-m/fpu/crti.o
 .data          0x00000000        0x4 /home/koala/App/eclipse/plugins/fr.ac6.mcu.externaltools.arm-none.linux64_1.13.0.201701121612/tools/compiler/bin/../lib/gcc/arm-none-eabi/5.4.1/armv7e-m/fpu/crtbegin.o
 .text          0x00000000       0x74 /home/koala/App/eclipse/plugins/fr.ac6.mcu.externaltools.arm-none.linux64_1.13.0.201701121612/tools/compiler/bin/../lib/gcc/arm-none-eabi/5.4.1/../../../../arm-none-eabi/lib/armv7e-m/fpu/crt0.o
 .data          0x00000000        0x0 /home/koala/App/eclipse/plugins/fr.ac6.mcu.externaltools.arm-none.linux64_1.13.0.201701121612/tools/compiler/bin/../lib/gcc/arm-none-eabi/5.4.1/../../../../arm-none-eabi/lib/armv7e-m/fpu/crt0.o
 .bss           0x00000000        0x0 /home/koala/App/eclipse/plugins/fr.ac6.mcu.externaltools.arm-none.linux64_1.13.0.201701121612/tools/compiler/bin/../lib/gcc/arm-none-eabi/5.4.1/../../../../arm-none-eabi/lib/armv7e-m/fpu/crt0.o
 .ARM.extab     0x00000000        0x0 /home/koala/App/eclipse/plugins/fr.ac6.mcu.externaltools.arm-none.linux64_1.13.0.201701121612/tools/compiler/bin/../lib/gcc/arm-none-eabi/5.4.1/../../../../arm-none-eabi/lib/armv7e-m/fpu/crt0.o
 .ARM.exidx     0x00000000        0x8 /home/koala/App/eclipse/plugins/fr.ac6.mcu.externaltools.arm-none.linux64_1.13.0.201701121612/tools/compiler/bin/../lib/gcc/arm-none-eabi/5.4.1/../../../../arm-none-eabi/lib/armv7e-m/fpu/crt0.o
 .ARM.attributes
[...]
Memory Configuration

Name             Origin             Length             Attributes
RAM              0x20000000         0x0000a000         xrw
CCMRAM           0x10000000         0x00002000         rw
FLASH            0x08000000         0x00040000         xr
*default*        0x00000000         0xffffffff

Linker script and memory map

LOAD /home/koala/App/eclipse/plugins/fr.ac6.mcu.externaltools.arm-none.linux64_1.13.0.201701121612/tools/compiler/bin/../lib/gcc/arm-none-eabi/5.4.1/armv7e-m/fpu/crti.o
LOAD /home/koala/App/eclipse/plugins/fr.ac6.mcu.externaltools.arm-none.linux64_1.13.0.201701121612/tools/compiler/bin/../lib/gcc/arm-none-eabi/5.4.1/armv7e-m/fpu/crtbegin.o
LOAD /home/koala/App/eclipse/plugins/fr.ac6.mcu.externaltools.arm-none.linux64_1.13.0.201701121612/tools/compiler/bin/../lib/gcc/arm-none-eabi/5.4.1/../../../../arm-none-eabi/lib/armv7e-m/fpu/crt0.o
LOAD /home/koala/App/eclipse/plugins/fr.ac6.mcu.externaltools.arm-none.linux64_1.13.0.201701121612/tools/compiler/bin/../lib/gcc/arm-none-eabi/5.4.1/../../../../arm-none-eabi/lib/armv7e-m/fpu/libm.a
LOAD Drivers/STM32F3xx_HAL_Driver/Src/stm32f3xx_hal.o
LOAD Drivers/STM32F3xx_HAL_Driver/Src/stm32f3xx_hal_adc.o
LOAD Drivers/STM32F3xx_HAL_Driver/Src/stm32f3xx_hal_adc_ex.o
LOAD Drivers/STM32F3xx_HAL_Driver/Src/stm32f3xx_hal_cortex.o
LOAD Drivers/STM32F3xx_HAL_Driver/Src/stm32f3xx_hal_dac.o
LOAD Drivers/STM32F3xx_HAL_Driver/Src/stm32f3xx_hal_dac_ex.o
LOAD Drivers/STM32F3xx_HAL_Driver/Src/stm32f3xx_hal_dma.o
LOAD Drivers/STM32F3xx_HAL_Driver/Src/stm32f3xx_hal_flash.o
LOAD Drivers/STM32F3xx_HAL_Driver/Src/stm32f3xx_hal_flash_ex.o
LOAD Drivers/STM32F3xx_HAL_Driver/Src/stm32f3xx_hal_gpio.o
LOAD Drivers/STM32F3xx_HAL_Driver/Src/stm32f3xx_hal_i2c.o
LOAD Drivers/STM32F3xx_HAL_Driver/Src/stm32f3xx_hal_i2c_ex.o
LOAD Drivers/STM32F3xx_HAL_Driver/Src/stm32f3xx_hal_pwr.o
LOAD Drivers/STM32F3xx_HAL_Driver/Src/stm32f3xx_hal_pwr_ex.o
LOAD Drivers/STM32F3xx_HAL_Driver/Src/stm32f3xx_hal_rcc.o
LOAD Drivers/STM32F3xx_HAL_Driver/Src/stm32f3xx_hal_rcc_ex.o
LOAD Drivers/STM32F3xx_HAL_Driver/Src/stm32f3xx_hal_tim.o
LOAD Drivers/STM32F3xx_HAL_Driver/Src/stm32f3xx_hal_tim_ex.o
LOAD Drivers/STM32F3xx_HAL_Driver/Src/stm32f3xx_hal_uart.o
LOAD Drivers/STM32F3xx_HAL_Driver/Src/stm32f3xx_hal_uart_ex.o
LOAD Src/main.o
LOAD Src/stm32f3xx_hal_msp.o
LOAD Src/stm32f3xx_it.o
LOAD Src/system_stm32f3xx.o
LOAD startup/startup_stm32f303xc.o
START GROUP
LOAD /home/koala/App/eclipse/plugins/fr.ac6.mcu.externaltools.arm-none.linux64_1.13.0.201701121612/tools/compiler/bin/../lib/gcc/arm-none-eabi/5.4.1/armv7e-m/fpu/libgcc.a
LOAD /home/koala/App/eclipse/plugins/fr.ac6.mcu.externaltools.arm-none.linux64_1.13.0.201701121612/tools/compiler/bin/../lib/gcc/arm-none-eabi/5.4.1/../../../../arm-none-eabi/lib/armv7e-m/fpu/libc_nano.a
END GROUP
START GROUP
LOAD /home/koala/App/eclipse/plugins/fr.ac6.mcu.externaltools.arm-none.linux64_1.13.0.201701121612/tools/compiler/bin/../lib/gcc/arm-none-eabi/5.4.1/armv7e-m/fpu/libgcc.a
LOAD /home/koala/App/eclipse/plugins/fr.ac6.mcu.externaltools.arm-none.linux64_1.13.0.201701121612/tools/compiler/bin/../lib/gcc/arm-none-eabi/5.4.1/../../../../arm-none-eabi/lib/armv7e-m/fpu/libc_nano.a
LOAD /home/koala/App/eclipse/plugins/fr.ac6.mcu.externaltools.arm-none.linux64_1.13.0.201701121612/tools/compiler/bin/../lib/gcc/arm-none-eabi/5.4.1/../../../../arm-none-eabi/lib/armv7e-m/fpu/libnosys.a
END GROUP
START GROUP
LOAD /home/koala/App/eclipse/plugins/fr.ac6.mcu.externaltools.arm-none.linux64_1.13.0.201701121612/tools/compiler/bin/../lib/gcc/arm-none-eabi/5.4.1/armv7e-m/fpu/libgcc.a
LOAD /home/koala/App/eclipse/plugins/fr.ac6.mcu.externaltools.arm-none.linux64_1.13.0.201701121612/tools/compiler/bin/../lib/gcc/arm-none-eabi/5.4.1/../../../../arm-none-eabi/lib/armv7e-m/fpu/libc_nano.a
LOAD /home/koala/App/eclipse/plugins/fr.ac6.mcu.externaltools.arm-none.linux64_1.13.0.201701121612/tools/compiler/bin/../lib/gcc/arm-none-eabi/5.4.1/../../../../arm-none-eabi/lib/armv7e-m/fpu/libnosys.a
END GROUP
LOAD /home/koala/App/eclipse/plugins/fr.ac6.mcu.externaltools.arm-none.linux64_1.13.0.201701121612/tools/compiler/bin/../lib/gcc/arm-none-eabi/5.4.1/armv7e-m/fpu/crtend.o
LOAD /home/koala/App/eclipse/plugins/fr.ac6.mcu.externaltools.arm-none.linux64_1.13.0.201701121612/tools/compiler/bin/../lib/gcc/arm-none-eabi/5.4.1/armv7e-m/fpu/crtn.o
                0x2000a000                _estack = 0x2000a000
                0x00000200                _Min_Heap_Size = 0x200
                0x00000400                _Min_Stack_Size = 0x400

.isr_vector     0x08000000      0x188
                0x08000000                . = ALIGN (0x4)
 *(.isr_vector)
 .isr_vector    0x08000000      0x188 startup/startup_stm32f303xc.o
                0x08000000                g_pfnVectors
                0x08000188                . = ALIGN (0x4)

.text           0x08000188     0x5490
                0x08000188                . = ALIGN (0x4)
 *(.text)
 .text          0x08000188       0x5c /home/koala/App/eclipse/plugins/fr.ac6.mcu.externaltools.arm-none.linux64_1.13.0.201701121612/tools/compiler/bin/../lib/gcc/arm-none-eabi/5.4.1/armv7e-m/fpu/crtbegin.o
 *(.text*)
 .text.HAL_Init
                0x080001e4       0x2c Drivers/STM32F3xx_HAL_Driver/Src/stm32f3xx_hal.o
                0x080001e4                HAL_Init
 .text.HAL_InitTick
                0x08000210       0x38 Drivers/STM32F3xx_HAL_Driver/Src/stm32f3xx_hal.o
                0x08000210                HAL_InitTick
 .text.HAL_IncTick
                0x08000248       0x1c Drivers/STM32F3xx_HAL_Driver/Src/stm32f3xx_hal.o
                0x08000248                HAL_IncTick
 .text.HAL_GetTick
                0x08000264       0x18 Drivers/STM32F3xx_HAL_Driver/Src/stm32f3xx_hal.o
                0x08000264                HAL_GetTick
 .text.HAL_Delay
                0x0800027c       0x28 Drivers/STM32F3xx_HAL_Driver/Src/stm32f3xx_hal.o
                0x0800027c                HAL_Delay
 .text.HAL_ADC_LevelOutOfWindowCallback
                0x080002a4       0x14 Drivers/STM32F3xx_HAL_Driver/Src/stm32f3xx_hal_adc.o
                0x080002a4                HAL_ADC_LevelOutOfWindowCallback
 .text.HAL_ADC_ErrorCallback
                0x080002b8       0x14 Drivers/STM32F3xx_HAL_Driver/Src/stm32f3xx_hal_adc.o
                0x080002b8                HAL_ADC_ErrorCallback
 .text.HAL_ADC_Init
                0x080002cc      0x3bc Drivers/STM32F3xx_HAL_Driver/Src/stm32f3xx_hal_adc_ex.o
                0x080002cc                HAL_ADC_Init
 .text.HAL_ADC_Start
                0x08000688      0x22c Drivers/STM32F3xx_HAL_Driver/Src/stm32f3xx_hal_adc_ex.o
                0x08000688                HAL_ADC_Start
 .text.HAL_ADC_PollForConversion
                0x080008b4      0x1f4 Drivers/STM32F3xx_HAL_Driver/Src/stm32f3xx_hal_adc_ex.o
                0x080008b4                HAL_ADC_PollForConversion
 .text.HAL_ADC_GetValue
                0x08000aa8       0x1c Drivers/STM32F3xx_HAL_Driver/Src/stm32f3xx_hal_adc_ex.o
                0x08000aa8                HAL_ADC_GetValue
 .text.HAL_ADC_IRQHandler
                0x08000ac4      0x60c Drivers/STM32F3xx_HAL_Driver/Src/stm32f3xx_hal_adc_ex.o
                0x08000ac4                HAL_ADC_IRQHandler
 .text.HAL_ADCEx_InjectedConvCpltCallback
                0x080010d0       0x14 Drivers/STM32F3xx_HAL_Driver/Src/stm32f3xx_hal_adc_ex.o
                0x080010d0                HAL_ADCEx_InjectedConvCpltCallback
 .text.HAL_ADCEx_InjectedQueueOverflowCallback
                0x080010e4       0x14 Drivers/STM32F3xx_HAL_Driver/Src/stm32f3xx_hal_adc_ex.o
                0x080010e4                HAL_ADCEx_InjectedQueueOverflowCallback
 .text.HAL_ADCEx_LevelOutOfWindow2Callback
                0x080010f8       0x14 Drivers/STM32F3xx_HAL_Driver/Src/stm32f3xx_hal_adc_ex.o
                0x080010f8                HAL_ADCEx_LevelOutOfWindow2Callback
 .text.HAL_ADCEx_LevelOutOfWindow3Callback
                0x0800110c       0x14 Drivers/STM32F3xx_HAL_Driver/Src/stm32f3xx_hal_adc_ex.o
                0x0800110c                HAL_ADCEx_LevelOutOfWindow3Callback
 .text.HAL_ADC_ConfigChannel
                0x08001120      0x5d8 Drivers/STM32F3xx_HAL_Driver/Src/stm32f3xx_hal_adc_ex.o
                0x08001120                HAL_ADC_ConfigChannel
 .text.HAL_ADCEx_MultiModeConfigChannel
                0x080016f8      0x1d8 Drivers/STM32F3xx_HAL_Driver/Src/stm32f3xx_hal_adc_ex.o
                0x080016f8                HAL_ADCEx_MultiModeConfigChannel
 .text.ADC_Enable
                0x080018d0       0xbc Drivers/STM32F3xx_HAL_Driver/Src/stm32f3xx_hal_adc_ex.o
 .text.ADC_Disable
                0x0800198c       0xc0 Drivers/STM32F3xx_HAL_Driver/Src/stm32f3xx_hal_adc_ex.o
 .text.NVIC_SetPriorityGrouping
                0x08001a4c       0x48 Drivers/STM32F3xx_HAL_Driver/Src/stm32f3xx_hal_cortex.o
 .text.NVIC_GetPriorityGrouping
                0x08001a94       0x1c Drivers/STM32F3xx_HAL_Driver/Src/stm32f3xx_hal_cortex.o
 .text.NVIC_EnableIRQ
                0x08001ab0       0x34 Drivers/STM32F3xx_HAL_Driver/Src/stm32f3xx_hal_cortex.o
 .text.NVIC_SetPriority
                0x08001ae4       0x54 Drivers/STM32F3xx_HAL_Driver/Src/stm32f3xx_hal_cortex.o
 .text.NVIC_EncodePriority
                0x08001b38       0x64 Drivers/STM32F3xx_HAL_Driver/Src/stm32f3xx_hal_cortex.o
 .text.SysTick_Config
                0x08001b9c       0x44 Drivers/STM32F3xx_HAL_Driver/Src/stm32f3xx_hal_cortex.o
 .text.HAL_NVIC_SetPriorityGrouping
                0x08001be0       0x18 Drivers/STM32F3xx_HAL_Driver/Src/stm32f3xx_hal_cortex.o
                0x08001be0                HAL_NVIC_SetPriorityGrouping
 .text.HAL_NVIC_SetPriority
                0x08001bf8       0x38 Drivers/STM32F3xx_HAL_Driver/Src/stm32f3xx_hal_cortex.o
                0x08001bf8                HAL_NVIC_SetPriority
 .text.HAL_NVIC_EnableIRQ
                0x08001c30       0x1c Drivers/STM32F3xx_HAL_Driver/Src/stm32f3xx_hal_cortex.o
                0x08001c30                HAL_NVIC_EnableIRQ
 .text.HAL_SYSTICK_Config
                0x08001c4c       0x18 Drivers/STM32F3xx_HAL_Driver/Src/stm32f3xx_hal_cortex.o
                0x08001c4c                HAL_SYSTICK_Config
 .text.HAL_SYSTICK_CLKSourceConfig
                0x08001c64       0x38 Drivers/STM32F3xx_HAL_Driver/Src/stm32f3xx_hal_cortex.o
                0x08001c64                HAL_SYSTICK_CLKSourceConfig
 .text.HAL_SYSTICK_IRQHandler
                0x08001c9c        0xc Drivers/STM32F3xx_HAL_Driver/Src/stm32f3xx_hal_cortex.o
                0x08001c9c                HAL_SYSTICK_IRQHandler
 .text.HAL_SYSTICK_Callback
                0x08001ca8       0x10 Drivers/STM32F3xx_HAL_Driver/Src/stm32f3xx_hal_cortex.o
                0x08001ca8                HAL_SYSTICK_Callback
 .text.HAL_DAC_Init
                0x08001cb8       0x44 Drivers/STM32F3xx_HAL_Driver/Src/stm32f3xx_hal_dac.o
                0x08001cb8                HAL_DAC_Init
 .text.HAL_DAC_ConvCpltCallbackCh1
                0x08001cfc       0x14 Drivers/STM32F3xx_HAL_Driver/Src/stm32f3xx_hal_dac.o
                0x08001cfc                HAL_DAC_ConvCpltCallbackCh1
 .text.HAL_DAC_ConvHalfCpltCallbackCh1
                0x08001d10       0x14 Drivers/STM32F3xx_HAL_Driver/Src/stm32f3xx_hal_dac.o
                0x08001d10                HAL_DAC_ConvHalfCpltCallbackCh1
 .text.HAL_DAC_ErrorCallbackCh1
                0x08001d24       0x14 Drivers/STM32F3xx_HAL_Driver/Src/stm32f3xx_hal_dac.o
                0x08001d24                HAL_DAC_ErrorCallbackCh1
 .text.HAL_DAC_Start
                0x08001d38       0x98 Drivers/STM32F3xx_HAL_Driver/Src/stm32f3xx_hal_dac_ex.o
                0x08001d38                HAL_DAC_Start
 .text.HAL_DAC_Start_DMA
                0x08001dd0      0x160 Drivers/STM32F3xx_HAL_Driver/Src/stm32f3xx_hal_dac_ex.o
                0x08001dd0                HAL_DAC_Start_DMA
 .text.HAL_DAC_ConfigChannel
                0x08001f30       0x9c Drivers/STM32F3xx_HAL_Driver/Src/stm32f3xx_hal_dac_ex.o
                0x08001f30                HAL_DAC_ConfigChannel
 .text.HAL_DACEx_ConvCpltCallbackCh2
                0x08001fcc       0x14 Drivers/STM32F3xx_HAL_Driver/Src/stm32f3xx_hal_dac_ex.o
                0x08001fcc                HAL_DACEx_ConvCpltCallbackCh2
 .text.HAL_DACEx_ConvHalfCpltCallbackCh2
                0x08001fe0       0x14 Drivers/STM32F3xx_HAL_Driver/Src/stm32f3xx_hal_dac_ex.o
                0x08001fe0                HAL_DACEx_ConvHalfCpltCallbackCh2
 .text.HAL_DACEx_ErrorCallbackCh2
                0x08001ff4       0x14 Drivers/STM32F3xx_HAL_Driver/Src/stm32f3xx_hal_dac_ex.o
                0x08001ff4                HAL_DACEx_ErrorCallbackCh2
 .text.DAC_DMAConvCpltCh1
                0x08002008       0x24 Drivers/STM32F3xx_HAL_Driver/Src/stm32f3xx_hal_dac_ex.o
 .text.DAC_DMAHalfConvCpltCh1
                0x0800202c       0x1c Drivers/STM32F3xx_HAL_Driver/Src/stm32f3xx_hal_dac_ex.o
 .text.DAC_DMAErrorCh1
                0x08002048       0x30 Drivers/STM32F3xx_HAL_Driver/Src/stm32f3xx_hal_dac_ex.o
 .text.DAC_DMAConvCpltCh2
                0x08002078       0x24 Drivers/STM32F3xx_HAL_Driver/Src/stm32f3xx_hal_dac_ex.o
 .text.DAC_DMAHalfConvCpltCh2
                0x0800209c       0x1c Drivers/STM32F3xx_HAL_Driver/Src/stm32f3xx_hal_dac_ex.o
 .text.DAC_DMAErrorCh2
                0x080020b8       0x30 Drivers/STM32F3xx_HAL_Driver/Src/stm32f3xx_hal_dac_ex.o
 .text.HAL_DMA_Init
                0x080020e8       0xa8 Drivers/STM32F3xx_HAL_Driver/Src/stm32f3xx_hal_dma.o
                0x080020e8                HAL_DMA_Init
 .text.HAL_DMA_Start_IT
                0x08002190       0xc0 Drivers/STM32F3xx_HAL_Driver/Src/stm32f3xx_hal_dma.o
                0x08002190                HAL_DMA_Start_IT
 .text.HAL_DMA_IRQHandler
                0x08002250      0x148 Drivers/STM32F3xx_HAL_Driver/Src/stm32f3xx_hal_dma.o
                0x08002250                HAL_DMA_IRQHandler
 .text.DMA_SetConfig
                0x08002398       0x5c Drivers/STM32F3xx_HAL_Driver/Src/stm32f3xx_hal_dma.o
 .text.DMA_CalcBaseAndBitshift
                0x080023f4       0x78 Drivers/STM32F3xx_HAL_Driver/Src/stm32f3xx_hal_dma.o
 .text.HAL_GPIO_Init
                0x0800246c      0x2fc Drivers/STM32F3xx_HAL_Driver/Src/stm32f3xx_hal_gpio.o
                0x0800246c                HAL_GPIO_Init
 .text.HAL_GPIO_WritePin
                0x08002768       0x30 Drivers/STM32F3xx_HAL_Driver/Src/stm32f3xx_hal_gpio.o
                0x08002768                HAL_GPIO_WritePin
 .text.HAL_GPIO_EXTI_IRQHandler
                0x08002798       0x30 Drivers/STM32F3xx_HAL_Driver/Src/stm32f3xx_hal_gpio.o
                0x08002798                HAL_GPIO_EXTI_IRQHandler
 .text.HAL_RCC_OscConfig
                0x080027c8     0x11a0 Drivers/STM32F3xx_HAL_Driver/Src/stm32f3xx_hal_rcc.o
                0x080027c8                HAL_RCC_OscConfig
 .text.HAL_RCC_ClockConfig
                0x08003968      0x400 Drivers/STM32F3xx_HAL_Driver/Src/stm32f3xx_hal_rcc.o
                0x08003968                HAL_RCC_ClockConfig
 .text.HAL_RCC_GetSysClockFreq
                0x08003d68       0xd4 Drivers/STM32F3xx_HAL_Driver/Src/stm32f3xx_hal_rcc.o
                0x08003d68                HAL_RCC_GetSysClockFreq
 .text.HAL_RCC_GetHCLKFreq
                0x08003e3c       0x18 Drivers/STM32F3xx_HAL_Driver/Src/stm32f3xx_hal_rcc.o
                0x08003e3c                HAL_RCC_GetHCLKFreq
 .text.HAL_RCC_GetPCLK1Freq
                0x08003e54       0x44 Drivers/STM32F3xx_HAL_Driver/Src/stm32f3xx_hal_rcc.o
                0x08003e54                HAL_RCC_GetPCLK1Freq
 .text.HAL_RCC_GetPCLK2Freq
                0x08003e98       0x44 Drivers/STM32F3xx_HAL_Driver/Src/stm32f3xx_hal_rcc.o
                0x08003e98                HAL_RCC_GetPCLK2Freq
 .text.HAL_RCCEx_PeriphCLKConfig
                0x08003edc      0x3a0 Drivers/STM32F3xx_HAL_Driver/Src/stm32f3xx_hal_rcc_ex.o
                0x08003edc                HAL_RCCEx_PeriphCLKConfig
 .text.HAL_TIM_Base_Init
                0x0800427c       0x58 Drivers/STM32F3xx_HAL_Driver/Src/stm32f3xx_hal_tim.o
                0x0800427c                HAL_TIM_Base_Init
 .text.HAL_TIM_Base_Start
                0x080042d4       0x38 Drivers/STM32F3xx_HAL_Driver/Src/stm32f3xx_hal_tim.o
                0x080042d4                HAL_TIM_Base_Start
 .text.TIM_Base_SetConfig
                0x0800430c      0x124 Drivers/STM32F3xx_HAL_Driver/Src/stm32f3xx_hal_tim.o
                0x0800430c                TIM_Base_SetConfig
 .text.HAL_TIMEx_MasterConfigSynchronization
                0x08004430       0xa8 Drivers/STM32F3xx_HAL_Driver/Src/stm32f3xx_hal_tim_ex.o
                0x08004430                HAL_TIMEx_MasterConfigSynchronization
 .text.HAL_UART_Init
                0x080044d8       0xa4 Drivers/STM32F3xx_HAL_Driver/Src/stm32f3xx_hal_uart.o
                0x080044d8                HAL_UART_Init
 .text.HAL_UART_Transmit
                0x0800457c      0x11c Drivers/STM32F3xx_HAL_Driver/Src/stm32f3xx_hal_uart.o
                0x0800457c                HAL_UART_Transmit
 .text.UART_SetConfig
                0x08004698      0x3fc Drivers/STM32F3xx_HAL_Driver/Src/stm32f3xx_hal_uart.o
                0x08004698                UART_SetConfig
 .text.UART_AdvFeatureConfig
                0x08004a94      0x144 Drivers/STM32F3xx_HAL_Driver/Src/stm32f3xx_hal_uart.o
                0x08004a94                UART_AdvFeatureConfig
 .text.UART_CheckIdleState
                0x08004bd8       0x94 Drivers/STM32F3xx_HAL_Driver/Src/stm32f3xx_hal_uart.o
                0x08004bd8                UART_CheckIdleState
 .text.UART_WaitOnFlagUntilTimeout
                0x08004c6c       0x94 Drivers/STM32F3xx_HAL_Driver/Src/stm32f3xx_hal_uart.o
                0x08004c6c                UART_WaitOnFlagUntilTimeout
 .text.HAL_ADC_ConvCpltCallback
                0x08004d00       0x34 Src/main.o
                0x08004d00                HAL_ADC_ConvCpltCallback
 .text.HAL_GPIO_EXTI_Callback
                0x08004d34       0x30 Src/main.o
                0x08004d34                HAL_GPIO_EXTI_Callback
 .text.main     0x08004d64       0xa0 Src/main.o
                0x08004d64                main
 .text.SystemClock_Config
                0x08004e04       0xbc Src/main.o
                0x08004e04                SystemClock_Config
 .text.MX_ADC1_Init
                0x08004ec0       0xc4 Src/main.o
 .text.MX_DAC_Init
                0x08004f84       0x4c Src/main.o
 .text.MX_TIM6_Init
                0x08004fd0       0x64 Src/main.o
 .text.MX_USART1_UART_Init
                0x08005034       0x60 Src/main.o
 .text.MX_DMA_Init
                0x08005094       0x3c Src/main.o
 .text.MX_GPIO_Init
                0x080050d0      0x16c Src/main.o
 .text.Error_Handler
                0x0800523c        0x8 Src/main.o
                0x0800523c                Error_Handler
 .text.HAL_MspInit
                0x08005244       0x84 Src/stm32f3xx_hal_msp.o
                0x08005244                HAL_MspInit
 .text.HAL_ADC_MspInit
                0x080052c8       0x60 Src/stm32f3xx_hal_msp.o
                0x080052c8                HAL_ADC_MspInit
 .text.HAL_DAC_MspInit
                0x08005328       0xbc Src/stm32f3xx_hal_msp.o
                0x08005328                HAL_DAC_MspInit
 .text.HAL_TIM_Base_MspInit
                0x080053e4       0x40 Src/stm32f3xx_hal_msp.o
                0x080053e4                HAL_TIM_Base_MspInit
 .text.HAL_UART_MspInit
                0x08005424       0x60 Src/stm32f3xx_hal_msp.o
                0x08005424                HAL_UART_MspInit
 .text.SysTick_Handler
                0x08005484       0x10 Src/stm32f3xx_it.o
                0x08005484                SysTick_Handler
 .text.EXTI0_IRQHandler
                0x08005494       0x10 Src/stm32f3xx_it.o
                0x08005494                EXTI0_IRQHandler
 .text.DMA1_Channel3_IRQHandler
                0x080054a4       0x14 Src/stm32f3xx_it.o
                0x080054a4                DMA1_Channel3_IRQHandler
 .text.ADC1_2_IRQHandler
                0x080054b8       0x14 Src/stm32f3xx_it.o
                0x080054b8                ADC1_2_IRQHandler
 .text.SystemInit
                0x080054cc       0x94 Src/system_stm32f3xx.o
                0x080054cc                SystemInit
 .text.Reset_Handler
                0x08005560       0x50 startup/startup_stm32f303xc.o
                0x08005560                Reset_Handler
 .text.Default_Handler
                0x080055b0        0x2 startup/startup_stm32f303xc.o
                0x080055b0                RTC_Alarm_IRQHandler
                0x080055b0                TIM8_TRG_COM_IRQHandler
                0x080055b0                TIM8_CC_IRQHandler
                0x080055b0                DebugMon_Handler
                0x080055b0                TIM1_CC_IRQHandler
                0x080055b0                HardFault_Handler
                0x080055b0                USB_HP_IRQHandler
                0x080055b0                PVD_IRQHandler
                0x080055b0                TAMP_STAMP_IRQHandler
                0x080055b0                PendSV_Handler
                0x080055b0                NMI_Handler
                0x080055b0                EXTI3_IRQHandler
                0x080055b0                USB_HP_CAN_TX_IRQHandler
                0x080055b0                I2C2_EV_IRQHandler
                0x080055b0                FPU_IRQHandler
                0x080055b0                TIM1_UP_TIM16_IRQHandler
                0x080055b0                UsageFault_Handler
                0x080055b0                SPI1_IRQHandler
                0x080055b0                CAN_SCE_IRQHandler
                0x080055b0                TIM6_DAC_IRQHandler
                0x080055b0                TIM8_UP_IRQHandler
                0x080055b0                DMA2_Channel2_IRQHandler
                0x080055b0                DMA1_Channel4_IRQHandler
                0x080055b0                USART3_IRQHandler
                0x080055b0                DMA1_Channel7_IRQHandler
                0x080055b0                UART5_IRQHandler
                0x080055b0                ADC3_IRQHandler
                0x080055b0                TIM4_IRQHandler
                0x080055b0                CAN_RX1_IRQHandler
                0x080055b0                DMA2_Channel1_IRQHandler
                0x080055b0                I2C1_EV_IRQHandler
                0x080055b0                DMA1_Channel6_IRQHandler
                0x080055b0                UART4_IRQHandler
                0x080055b0                DMA2_Channel4_IRQHandler
                0x080055b0                TIM3_IRQHandler
                0x080055b0                RCC_IRQHandler
                0x080055b0                DMA1_Channel1_IRQHandler
                0x080055b0                Default_Handler
                0x080055b0                USBWakeUp_RMP_IRQHandler
                0x080055b0                EXTI15_10_IRQHandler
                0x080055b0                TIM7_IRQHandler
                0x080055b0                EXTI9_5_IRQHandler
                0x080055b0                RTC_WKUP_IRQHandler
                0x080055b0                SPI2_IRQHandler
                0x080055b0                USB_LP_CAN_RX0_IRQHandler
                0x080055b0                MemManage_Handler
                0x080055b0                SVC_Handler
                0x080055b0                DMA2_Channel5_IRQHandler
                0x080055b0                DMA1_Channel5_IRQHandler
                0x080055b0                USB_LP_IRQHandler
                0x080055b0                EXTI4_IRQHandler
                0x080055b0                TIM1_TRG_COM_TIM17_IRQHandler
                0x080055b0                ADC4_IRQHandler
                0x080055b0                WWDG_IRQHandler
                0x080055b0                TIM2_IRQHandler
                0x080055b0                COMP7_IRQHandler
                0x080055b0                COMP1_2_3_IRQHandler
                0x080055b0                EXTI1_IRQHandler
                0x080055b0                USART2_IRQHandler
                0x080055b0                COMP4_5_6_IRQHandler
                0x080055b0                I2C2_ER_IRQHandler
                0x080055b0                DMA1_Channel2_IRQHandler
                0x080055b0                TIM8_BRK_IRQHandler
                0x080055b0                FLASH_IRQHandler
                0x080055b0                BusFault_Handler
                0x080055b0                USART1_IRQHandler
                0x080055b0                SPI3_IRQHandler
                0x080055b0                I2C1_ER_IRQHandler
                0x080055b0                USBWakeUp_IRQHandler
                0x080055b0                DMA2_Channel3_IRQHandler
                0x080055b0                EXTI2_TSC_IRQHandler
                0x080055b0                TIM1_BRK_TIM15_IRQHandler
 *fill*         0x080055b2        0x2 
 .text.__libc_init_array
                0x080055b4       0x4c /home/koala/App/eclipse/plugins/fr.ac6.mcu.externaltools.arm-none.linux64_1.13.0.201701121612/tools/compiler/bin/../lib/gcc/arm-none-eabi/5.4.1/../../../../arm-none-eabi/lib/armv7e-m/fpu/libc_nano.a(lib_a-init.o)
                0x080055b4                __libc_init_array
 *(.glue_7)
 .glue_7        0x08005600        0x0 linker stubs
 *(.glue_7t)
 .glue_7t       0x08005600        0x0 linker stubs
 *(.eh_frame)
 .eh_frame      0x08005600        0x0 /home/koala/App/eclipse/plugins/fr.ac6.mcu.externaltools.arm-none.linux64_1.13.0.201701121612/tools/compiler/bin/../lib/gcc/arm-none-eabi/5.4.1/armv7e-m/fpu/crtbegin.o
 *(.init)
 .init          0x08005600        0x4 /home/koala/App/eclipse/plugins/fr.ac6.mcu.externaltools.arm-none.linux64_1.13.0.201701121612/tools/compiler/bin/../lib/gcc/arm-none-eabi/5.4.1/armv7e-m/fpu/crti.o
                0x08005600                _init
 .init          0x08005604        0x8 /home/koala/App/eclipse/plugins/fr.ac6.mcu.externaltools.arm-none.linux64_1.13.0.201701121612/tools/compiler/bin/../lib/gcc/arm-none-eabi/5.4.1/armv7e-m/fpu/crtn.o
 *(.fini)
 .fini          0x0800560c        0x4 /home/koala/App/eclipse/plugins/fr.ac6.mcu.externaltools.arm-none.linux64_1.13.0.201701121612/tools/compiler/bin/../lib/gcc/arm-none-eabi/5.4.1/armv7e-m/fpu/crti.o
                0x0800560c                _fini
 .fini          0x08005610        0x8 /home/koala/App/eclipse/plugins/fr.ac6.mcu.externaltools.arm-none.linux64_1.13.0.201701121612/tools/compiler/bin/../lib/gcc/arm-none-eabi/5.4.1/armv7e-m/fpu/crtn.o
                0x08005618                . = ALIGN (0x4)
                0x08005618                _etext = .

.vfp11_veneer   0x08005618        0x0
 .vfp11_veneer  0x08005618        0x0 linker stubs

.v4_bx          0x08005618        0x0
 .v4_bx         0x08005618        0x0 linker stubs

.iplt           0x08005618        0x0
 .iplt          0x08005618        0x0 /home/koala/App/eclipse/plugins/fr.ac6.mcu.externaltools.arm-none.linux64_1.13.0.201701121612/tools/compiler/bin/../lib/gcc/arm-none-eabi/5.4.1/armv7e-m/fpu/crtbegin.o

.rodata         0x08005618     0x94f8
                0x08005618                . = ALIGN (0x4)
 *(.rodata)
 .rodata        0x08005618       0x20 Drivers/STM32F3xx_HAL_Driver/Src/stm32f3xx_hal_rcc.o
                0x08005618                aPLLMULFactorTable
                0x08005628                aPredivFactorTable
 .rodata        0x08005638     0x94be Src/main.o
                0x08005638                ecg12
                0x0800a098                ecg8
 *fill*         0x0800eaf6        0x2 
 .rodata        0x0800eaf8       0x18 Src/system_stm32f3xx.o
                0x0800eaf8                AHBPrescTable
                0x0800eb08                APBPrescTable
 *(.rodata*)
                0x0800eb10                . = ALIGN (0x4)

.rel.dyn        0x0800eb10        0x0
 .rel.iplt      0x0800eb10        0x0 /home/koala/App/eclipse/plugins/fr.ac6.mcu.externaltools.arm-none.linux64_1.13.0.201701121612/tools/compiler/bin/../lib/gcc/arm-none-eabi/5.4.1/armv7e-m/fpu/crtbegin.o

.ARM.extab
 *(.ARM.extab* .gnu.linkonce.armextab.*)

.ARM            0x0800eb10        0x0
                0x0800eb10                __exidx_start = .
 *(.ARM.exidx*)
                0x0800eb10                __exidx_end = .

.preinit_array  0x0800eb10        0x0
                0x0800eb10                PROVIDE (__preinit_array_start, .)
 *(.preinit_array*)
                0x0800eb10                PROVIDE (__preinit_array_end, .)

.init_array     0x0800eb10        0x4
                0x0800eb10                PROVIDE (__init_array_start, .)
 *(SORT(.init_array.*))
 *(.init_array*)
 .init_array    0x0800eb10        0x4 /home/koala/App/eclipse/plugins/fr.ac6.mcu.externaltools.arm-none.linux64_1.13.0.201701121612/tools/compiler/bin/../lib/gcc/arm-none-eabi/5.4.1/armv7e-m/fpu/crtbegin.o
                0x0800eb14                PROVIDE (__init_array_end, .)

.fini_array     0x0800eb14        0x4
                [!provide]                PROVIDE (__fini_array_start, .)
 *(SORT(.fini_array.*))
 *(.fini_array*)
 .fini_array    0x0800eb14        0x4 /home/koala/App/eclipse/plugins/fr.ac6.mcu.externaltools.arm-none.linux64_1.13.0.201701121612/tools/compiler/bin/../lib/gcc/arm-none-eabi/5.4.1/armv7e-m/fpu/crtbegin.o
                [!provide]                PROVIDE (__fini_array_end, .)
                0x0800eb18                _sidata = LOADADDR (.data)

.data           0x20000000        0x4 load address 0x0800eb18
                0x20000000                . = ALIGN (0x4)
                0x20000000                _sdata = .
 *(.data)
 .data          0x20000000        0x4 Src/system_stm32f3xx.o
                0x20000000                SystemCoreClock
 *(.data*)
                0x20000004                . = ALIGN (0x4)
                0x20000004                _edata = .
                0x0800eb1c                _siccmram = LOADADDR (.ccmram)

.jcr            0x20000004        0x0 load address 0x0800eb1c
 .jcr           0x20000004        0x0 /home/koala/App/eclipse/plugins/fr.ac6.mcu.externaltools.arm-none.linux64_1.13.0.201701121612/tools/compiler/bin/../lib/gcc/arm-none-eabi/5.4.1/armv7e-m/fpu/crtbegin.o

.igot.plt       0x20000004        0x0 load address 0x0800eb1c
 .igot.plt      0x20000004        0x0 /home/koala/App/eclipse/plugins/fr.ac6.mcu.externaltools.arm-none.linux64_1.13.0.201701121612/tools/compiler/bin/../lib/gcc/arm-none-eabi/5.4.1/armv7e-m/fpu/crtbegin.o

.ccmram         0x10000000        0x0 load address 0x0800eb1c
                0x10000000                . = ALIGN (0x4)
                0x10000000                _sccmram = .
 *(.ccmram)
 *(.ccmram*)
                0x10000000                . = ALIGN (0x4)
                0x10000000                _eccmram = .
                0x10000000                . = ALIGN (0x4)

.bss            0x20000004      0x1e8
                0x20000004                _sbss = .
                0x20000004                __bss_start__ = _sbss
 *(.bss)
 .bss           0x20000004       0x1c /home/koala/App/eclipse/plugins/fr.ac6.mcu.externaltools.arm-none.linux64_1.13.0.201701121612/tools/compiler/bin/../lib/gcc/arm-none-eabi/5.4.1/armv7e-m/fpu/crtbegin.o
 .bss           0x20000020        0x8 Src/main.o
                0x20000020                dl
                0x20000024                i
 *(.bss*)
 *(COMMON)
 COMMON         0x20000028        0x4 Drivers/STM32F3xx_HAL_Driver/Src/stm32f3xx_hal.o
                0x20000028                uwTick
 COMMON         0x2000002c      0x1c0 Src/main.o
                0x2000002c                hdma_dac_ch1
                0x20000070                hadc1
                0x200000c4                huart1
                0x20000134                hdac
                0x20000148                htim6
                0x20000188                tx_buf
                0x200001ec                . = ALIGN (0x4)
                0x200001ec                _ebss = .
                0x200001ec                __bss_end__ = _ebss

._user_heap_stack
                0x200001ec      0x604
                0x200001f0                . = ALIGN (0x8)
 *fill*         0x200001ec        0x4 
                [!provide]                PROVIDE (end, .)
                [!provide]                PROVIDE (_end, .)
                0x200003f0                . = (. + _Min_Heap_Size)
 *fill*         0x200001f0      0x200 
                0x200007f0                . = (. + _Min_Stack_Size)
 *fill*         0x200003f0      0x400 
                0x200007f0                . = ALIGN (0x8)

/DISCARD/
 libc.a(*)
 libm.a(*)
 libgcc.a(*)

.ARM.attributes
                0x00000000       0x30
 *(.ARM.attributes)
 .ARM.attributes
                0x00000000       0x22 /home/koala/App/eclipse/plugins/fr.ac6.mcu.externaltools.arm-none.linux64_1.13.0.201701121612/tools/compiler/bin/../lib/gcc/arm-none-eabi/5.4.1/armv7e-m/fpu/crti.o
 .ARM.attributes
                0x00000022       0x34 /home/koala/App/eclipse/plugins/fr.ac6.mcu.externaltools.arm-none.linux64_1.13.0.201701121612/tools/compiler/bin/../lib/gcc/arm-none-eabi/5.4.1/armv7e-m/fpu/crtbegin.o
 .ARM.attributes
                0x00000056       0x39 Drivers/STM32F3xx_HAL_Driver/Src/stm32f3xx_hal.o
 .ARM.attributes
                0x0000008f       0x39 Drivers/STM32F3xx_HAL_Driver/Src/stm32f3xx_hal_adc.o
 .ARM.attributes
                0x000000c8       0x39 Drivers/STM32F3xx_HAL_Driver/Src/stm32f3xx_hal_adc_ex.o
 .ARM.attributes
                0x00000101       0x39 Drivers/STM32F3xx_HAL_Driver/Src/stm32f3xx_hal_cortex.o
 .ARM.attributes
                0x0000013a       0x39 Drivers/STM32F3xx_HAL_Driver/Src/stm32f3xx_hal_dac.o
 .ARM.attributes
                0x00000173       0x39 Drivers/STM32F3xx_HAL_Driver/Src/stm32f3xx_hal_dac_ex.o
 .ARM.attributes
                0x000001ac       0x39 Drivers/STM32F3xx_HAL_Driver/Src/stm32f3xx_hal_dma.o
 .ARM.attributes
                0x000001e5       0x39 Drivers/STM32F3xx_HAL_Driver/Src/stm32f3xx_hal_gpio.o
 .ARM.attributes
                0x0000021e       0x39 Drivers/STM32F3xx_HAL_Driver/Src/stm32f3xx_hal_rcc.o
 .ARM.attributes
                0x00000257       0x39 Drivers/STM32F3xx_HAL_Driver/Src/stm32f3xx_hal_rcc_ex.o
 .ARM.attributes
                0x00000290       0x39 Drivers/STM32F3xx_HAL_Driver/Src/stm32f3xx_hal_tim.o
 .ARM.attributes
                0x000002c9       0x39 Drivers/STM32F3xx_HAL_Driver/Src/stm32f3xx_hal_tim_ex.o
 .ARM.attributes
                0x00000302       0x39 Drivers/STM32F3xx_HAL_Driver/Src/stm32f3xx_hal_uart.o
 .ARM.attributes
                0x0000033b       0x39 Src/main.o
 .ARM.attributes
                0x00000374       0x39 Src/stm32f3xx_hal_msp.o
 .ARM.attributes
                0x000003ad       0x39 Src/stm32f3xx_it.o
 .ARM.attributes
                0x000003e6       0x39 Src/system_stm32f3xx.o
 .ARM.attributes
                0x0000041f       0x21 startup/startup_stm32f303xc.o
 .ARM.attributes
                0x00000440       0x34 /home/koala/App/eclipse/plugins/fr.ac6.mcu.externaltools.arm-none.linux64_1.13.0.201701121612/tools/compiler/bin/../lib/gcc/arm-none-eabi/5.4.1/../../../../arm-none-eabi/lib/armv7e-m/fpu/libc_nano.a(lib_a-init.o)
 .ARM.attributes
                0x00000474       0x22 /home/koala/App/eclipse/plugins/fr.ac6.mcu.externaltools.arm-none.linux64_1.13.0.201701121612/tools/compiler/bin/../lib/gcc/arm-none-eabi/5.4.1/armv7e-m/fpu/crtn.o
OUTPUT(tst.elf elf32-littlearm)

.debug_info     0x00000000     0xecfd
 .debug_info    0x00000000      0x663 Drivers/STM32F3xx_HAL_Driver/Src/stm32f3xx_hal.o
 .debug_info    0x00000663      0xafd Drivers/STM32F3xx_HAL_Driver/Src/stm32f3xx_hal_adc.o
 .debug_info    0x00001160     0x14de Drivers/STM32F3xx_HAL_Driver/Src/stm32f3xx_hal_adc_ex.o
 .debug_info    0x0000263e      0xd07 Drivers/STM32F3xx_HAL_Driver/Src/stm32f3xx_hal_cortex.o
 .debug_info    0x00003345      0x84e Drivers/STM32F3xx_HAL_Driver/Src/stm32f3xx_hal_dac.o
 .debug_info    0x00003b93      0x99b Drivers/STM32F3xx_HAL_Driver/Src/stm32f3xx_hal_dac_ex.o
 .debug_info    0x0000452e      0x71c Drivers/STM32F3xx_HAL_Driver/Src/stm32f3xx_hal_dma.o
 .debug_info    0x00004c4a      0x667 Drivers/STM32F3xx_HAL_Driver/Src/stm32f3xx_hal_gpio.o
 .debug_info    0x000052b1     0x176f Drivers/STM32F3xx_HAL_Driver/Src/stm32f3xx_hal_rcc.o
 .debug_info    0x00006a20      0x62b Drivers/STM32F3xx_HAL_Driver/Src/stm32f3xx_hal_rcc_ex.o
 .debug_info    0x0000704b     0x217d Drivers/STM32F3xx_HAL_Driver/Src/stm32f3xx_hal_tim.o
 .debug_info    0x000091c8     0x121b Drivers/STM32F3xx_HAL_Driver/Src/stm32f3xx_hal_tim_ex.o
 .debug_info    0x0000a3e3     0x13f6 Drivers/STM32F3xx_HAL_Driver/Src/stm32f3xx_hal_uart.o
 .debug_info    0x0000b7d9     0x1706 Src/main.o
 .debug_info    0x0000cedf     0x133d Src/stm32f3xx_hal_msp.o
 .debug_info    0x0000e21c      0x67c Src/stm32f3xx_it.o
 .debug_info    0x0000e898      0x400 Src/system_stm32f3xx.o
 .debug_info    0x0000ec98       0x65 startup/startup_stm32f303xc.o

.debug_abbrev   0x00000000     0x1ef3
 .debug_abbrev  0x00000000      0x19b Drivers/STM32F3xx_HAL_Driver/Src/stm32f3xx_hal.o
 .debug_abbrev  0x0000019b      0x153 Drivers/STM32F3xx_HAL_Driver/Src/stm32f3xx_hal_adc.o
 .debug_abbrev  0x000002ee      0x21e Drivers/STM32F3xx_HAL_Driver/Src/stm32f3xx_hal_adc_ex.o
 .debug_abbrev  0x0000050c      0x298 Drivers/STM32F3xx_HAL_Driver/Src/stm32f3xx_hal_cortex.o
 .debug_abbrev  0x000007a4      0x15d Drivers/STM32F3xx_HAL_Driver/Src/stm32f3xx_hal_dac.o
 .debug_abbrev  0x00000901      0x1e7 Drivers/STM32F3xx_HAL_Driver/Src/stm32f3xx_hal_dac_ex.o
 .debug_abbrev  0x00000ae8      0x1b8 Drivers/STM32F3xx_HAL_Driver/Src/stm32f3xx_hal_dma.o
 .debug_abbrev  0x00000ca0      0x1af Drivers/STM32F3xx_HAL_Driver/Src/stm32f3xx_hal_gpio.o
 .debug_abbrev  0x00000e4f      0x279 Drivers/STM32F3xx_HAL_Driver/Src/stm32f3xx_hal_rcc.o
 .debug_abbrev  0x000010c8      0x212 Drivers/STM32F3xx_HAL_Driver/Src/stm32f3xx_hal_rcc_ex.o
 .debug_abbrev  0x000012da      0x20b Drivers/STM32F3xx_HAL_Driver/Src/stm32f3xx_hal_tim.o
 .debug_abbrev  0x000014e5      0x202 Drivers/STM32F3xx_HAL_Driver/Src/stm32f3xx_hal_tim_ex.o
 .debug_abbrev  0x000016e7      0x1bf Drivers/STM32F3xx_HAL_Driver/Src/stm32f3xx_hal_uart.o
 .debug_abbrev  0x000018a6      0x245 Src/main.o
 .debug_abbrev  0x00001aeb      0x1bb Src/stm32f3xx_hal_msp.o
 .debug_abbrev  0x00001ca6      0x137 Src/stm32f3xx_it.o
 .debug_abbrev  0x00001ddd      0x104 Src/system_stm32f3xx.o
 .debug_abbrev  0x00001ee1       0x12 startup/startup_stm32f303xc.o

.debug_aranges  0x00000000      0xf18
 .debug_aranges
                0x00000000       0xb0 Drivers/STM32F3xx_HAL_Driver/Src/stm32f3xx_hal.o
 .debug_aranges
                0x000000b0       0xc8 Drivers/STM32F3xx_HAL_Driver/Src/stm32f3xx_hal_adc.o
 .debug_aranges
                0x00000178      0x168 Drivers/STM32F3xx_HAL_Driver/Src/stm32f3xx_hal_adc_ex.o
 .debug_aranges
                0x000002e0      0x118 Drivers/STM32F3xx_HAL_Driver/Src/stm32f3xx_hal_cortex.o
 .debug_aranges
                0x000003f8       0xa8 Drivers/STM32F3xx_HAL_Driver/Src/stm32f3xx_hal_dac.o
 .debug_aranges
                0x000004a0       0xb8 Drivers/STM32F3xx_HAL_Driver/Src/stm32f3xx_hal_dac_ex.o
 .debug_aranges
                0x00000558       0x88 Drivers/STM32F3xx_HAL_Driver/Src/stm32f3xx_hal_dma.o
 .debug_aranges
                0x000005e0       0x58 Drivers/STM32F3xx_HAL_Driver/Src/stm32f3xx_hal_gpio.o
 .debug_aranges
                0x00000638       0x88 Drivers/STM32F3xx_HAL_Driver/Src/stm32f3xx_hal_rcc.o
 .debug_aranges
                0x000006c0       0x38 Drivers/STM32F3xx_HAL_Driver/Src/stm32f3xx_hal_rcc_ex.o
 .debug_aranges
                0x000006f8      0x368 Drivers/STM32F3xx_HAL_Driver/Src/stm32f3xx_hal_tim.o
 .debug_aranges
                0x00000a60      0x170 Drivers/STM32F3xx_HAL_Driver/Src/stm32f3xx_hal_tim_ex.o
 .debug_aranges
                0x00000bd0      0x1f0 Drivers/STM32F3xx_HAL_Driver/Src/stm32f3xx_hal_uart.o
 .debug_aranges
                0x00000dc0       0x70 Src/main.o
 .debug_aranges
                0x00000e30       0x60 Src/stm32f3xx_hal_msp.o
 .debug_aranges
                0x00000e90       0x38 Src/stm32f3xx_it.o
 .debug_aranges
                0x00000ec8       0x28 Src/system_stm32f3xx.o
 .debug_aranges
                0x00000ef0       0x28 startup/startup_stm32f303xc.o

.debug_ranges   0x00000000      0xe00
 .debug_ranges  0x00000000       0xa0 Drivers/STM32F3xx_HAL_Driver/Src/stm32f3xx_hal.o
 .debug_ranges  0x000000a0       0xb8 Drivers/STM32F3xx_HAL_Driver/Src/stm32f3xx_hal_adc.o
 .debug_ranges  0x00000158      0x158 Drivers/STM32F3xx_HAL_Driver/Src/stm32f3xx_hal_adc_ex.o
 .debug_ranges  0x000002b0      0x108 Drivers/STM32F3xx_HAL_Driver/Src/stm32f3xx_hal_cortex.o
 .debug_ranges  0x000003b8       0x98 Drivers/STM32F3xx_HAL_Driver/Src/stm32f3xx_hal_dac.o
 .debug_ranges  0x00000450       0xa8 Drivers/STM32F3xx_HAL_Driver/Src/stm32f3xx_hal_dac_ex.o
 .debug_ranges  0x000004f8       0x78 Drivers/STM32F3xx_HAL_Driver/Src/stm32f3xx_hal_dma.o
 .debug_ranges  0x00000570       0x48 Drivers/STM32F3xx_HAL_Driver/Src/stm32f3xx_hal_gpio.o
 .debug_ranges  0x000005b8       0x78 Drivers/STM32F3xx_HAL_Driver/Src/stm32f3xx_hal_rcc.o
 .debug_ranges  0x00000630       0x28 Drivers/STM32F3xx_HAL_Driver/Src/stm32f3xx_hal_rcc_ex.o
 .debug_ranges  0x00000658      0x358 Drivers/STM32F3xx_HAL_Driver/Src/stm32f3xx_hal_tim.o
 .debug_ranges  0x000009b0      0x160 Drivers/STM32F3xx_HAL_Driver/Src/stm32f3xx_hal_tim_ex.o
 .debug_ranges  0x00000b10      0x1e0 Drivers/STM32F3xx_HAL_Driver/Src/stm32f3xx_hal_uart.o
 .debug_ranges  0x00000cf0       0x60 Src/main.o
 .debug_ranges  0x00000d50       0x50 Src/stm32f3xx_hal_msp.o
 .debug_ranges  0x00000da0       0x28 Src/stm32f3xx_it.o
 .debug_ranges  0x00000dc8       0x18 Src/system_stm32f3xx.o
 .debug_ranges  0x00000de0       0x20 startup/startup_stm32f303xc.o

.debug_macro    0x00000000    0x1fda5
 .debug_macro   0x00000000      0x363 Drivers/STM32F3xx_HAL_Driver/Src/stm32f3xx_hal.o
 .debug_macro   0x00000363      0x898 Drivers/STM32F3xx_HAL_Driver/Src/stm32f3xx_hal.o
 .debug_macro   0x00000bfb      0x15a Drivers/STM32F3xx_HAL_Driver/Src/stm32f3xx_hal.o
 .debug_macro   0x00000d55       0xaa Drivers/STM32F3xx_HAL_Driver/Src/stm32f3xx_hal.o
 .debug_macro   0x00000dff       0x31 Drivers/STM32F3xx_HAL_Driver/Src/stm32f3xx_hal.o
 .debug_macro   0x00000e30       0x28 Drivers/STM32F3xx_HAL_Driver/Src/stm32f3xx_hal.o
 .debug_macro   0x00000e58       0x22 Drivers/STM32F3xx_HAL_Driver/Src/stm32f3xx_hal.o
 .debug_macro   0x00000e7a       0x87 Drivers/STM32F3xx_HAL_Driver/Src/stm32f3xx_hal.o
 .debug_macro   0x00000f01       0x44 Drivers/STM32F3xx_HAL_Driver/Src/stm32f3xx_hal.o
 .debug_macro   0x00000f45       0xfd Drivers/STM32F3xx_HAL_Driver/Src/stm32f3xx_hal.o
 .debug_macro   0x00001042       0x5e Drivers/STM32F3xx_HAL_Driver/Src/stm32f3xx_hal.o
 .debug_macro   0x000010a0      0x1df Drivers/STM32F3xx_HAL_Driver/Src/stm32f3xx_hal.o
 .debug_macro   0x0000127f       0x35 Drivers/STM32F3xx_HAL_Driver/Src/stm32f3xx_hal.o
 .debug_macro   0x000012b4       0x50 Drivers/STM32F3xx_HAL_Driver/Src/stm32f3xx_hal.o
 .debug_macro   0x00001304      0xe66 Drivers/STM32F3xx_HAL_Driver/Src/stm32f3xx_hal.o
 .debug_macro   0x0000216a    0x12a2c Drivers/STM32F3xx_HAL_Driver/Src/stm32f3xx_hal.o
 .debug_macro   0x00014b96       0x43 Drivers/STM32F3xx_HAL_Driver/Src/stm32f3xx_hal.o
 .debug_macro   0x00014bd9     0x3439 Drivers/STM32F3xx_HAL_Driver/Src/stm32f3xx_hal.o
 .debug_macro   0x00018012       0x52 Drivers/STM32F3xx_HAL_Driver/Src/stm32f3xx_hal.o
 .debug_macro   0x00018064       0x35 Drivers/STM32F3xx_HAL_Driver/Src/stm32f3xx_hal.o
 .debug_macro   0x00018099       0x9c Drivers/STM32F3xx_HAL_Driver/Src/stm32f3xx_hal.o
 .debug_macro   0x00018135       0x16 Drivers/STM32F3xx_HAL_Driver/Src/stm32f3xx_hal.o
 .debug_macro   0x0001814b       0x97 Drivers/STM32F3xx_HAL_Driver/Src/stm32f3xx_hal.o
 .debug_macro   0x000181e2      0x30d Drivers/STM32F3xx_HAL_Driver/Src/stm32f3xx_hal.o
 .debug_macro   0x000184ef       0xfd Drivers/STM32F3xx_HAL_Driver/Src/stm32f3xx_hal.o
 .debug_macro   0x000185ec       0x10 Drivers/STM32F3xx_HAL_Driver/Src/stm32f3xx_hal.o
 .debug_macro   0x000185fc       0x52 Drivers/STM32F3xx_HAL_Driver/Src/stm32f3xx_hal.o
 .debug_macro   0x0001864e       0x1f Drivers/STM32F3xx_HAL_Driver/Src/stm32f3xx_hal.o
 .debug_macro   0x0001866d       0x43 Drivers/STM32F3xx_HAL_Driver/Src/stm32f3xx_hal.o
 .debug_macro   0x000186b0       0x20 Drivers/STM32F3xx_HAL_Driver/Src/stm32f3xx_hal.o
 .debug_macro   0x000186d0      0x187 Drivers/STM32F3xx_HAL_Driver/Src/stm32f3xx_hal.o
 .debug_macro   0x00018857       0x10 Drivers/STM32F3xx_HAL_Driver/Src/stm32f3xx_hal.o
 .debug_macro   0x00018867       0x1c Drivers/STM32F3xx_HAL_Driver/Src/stm32f3xx_hal.o
 .debug_macro   0x00018883       0x52 Drivers/STM32F3xx_HAL_Driver/Src/stm32f3xx_hal.o
 .debug_macro   0x000188d5       0x40 Drivers/STM32F3xx_HAL_Driver/Src/stm32f3xx_hal.o
 .debug_macro   0x00018915       0x10 Drivers/STM32F3xx_HAL_Driver/Src/stm32f3xx_hal.o
 .debug_macro   0x00018925       0x40 Drivers/STM32F3xx_HAL_Driver/Src/stm32f3xx_hal.o
 .debug_macro   0x00018965       0xd7 Drivers/STM32F3xx_HAL_Driver/Src/stm32f3xx_hal.o
 .debug_macro   0x00018a3c       0x16 Drivers/STM32F3xx_HAL_Driver/Src/stm32f3xx_hal.o
 .debug_macro   0x00018a52      0x18b Drivers/STM32F3xx_HAL_Driver/Src/stm32f3xx_hal.o
 .debug_macro   0x00018bdd       0x49 Drivers/STM32F3xx_HAL_Driver/Src/stm32f3xx_hal.o
 .debug_macro   0x00018c26      0x969 Drivers/STM32F3xx_HAL_Driver/Src/stm32f3xx_hal.o
 .debug_macro   0x0001958f      0x5fe Drivers/STM32F3xx_HAL_Driver/Src/stm32f3xx_hal.o
 .debug_macro   0x00019b8d      0x13a Drivers/STM32F3xx_HAL_Driver/Src/stm32f3xx_hal.o
 .debug_macro   0x00019cc7      0x1fb Drivers/STM32F3xx_HAL_Driver/Src/stm32f3xx_hal.o
 .debug_macro   0x00019ec2      0x1bc Drivers/STM32F3xx_HAL_Driver/Src/stm32f3xx_hal.o
 .debug_macro   0x0001a07e       0x31 Drivers/STM32F3xx_HAL_Driver/Src/stm32f3xx_hal.o
 .debug_macro   0x0001a0af       0x3c Drivers/STM32F3xx_HAL_Driver/Src/stm32f3xx_hal.o
 .debug_macro   0x0001a0eb      0x23a Drivers/STM32F3xx_HAL_Driver/Src/stm32f3xx_hal.o
 .debug_macro   0x0001a325      0x9bf Drivers/STM32F3xx_HAL_Driver/Src/stm32f3xx_hal.o
 .debug_macro   0x0001ace4       0x77 Drivers/STM32F3xx_HAL_Driver/Src/stm32f3xx_hal.o
 .debug_macro   0x0001ad5b      0x174 Drivers/STM32F3xx_HAL_Driver/Src/stm32f3xx_hal.o
 .debug_macro   0x0001aecf       0x62 Drivers/STM32F3xx_HAL_Driver/Src/stm32f3xx_hal.o
 .debug_macro   0x0001af31       0xcb Drivers/STM32F3xx_HAL_Driver/Src/stm32f3xx_hal.o
 .debug_macro   0x0001affc      0x22b Drivers/STM32F3xx_HAL_Driver/Src/stm32f3xx_hal.o
 .debug_macro   0x0001b227      0x202 Drivers/STM32F3xx_HAL_Driver/Src/stm32f3xx_hal.o
 .debug_macro   0x0001b429       0x5b Drivers/STM32F3xx_HAL_Driver/Src/stm32f3xx_hal.o
 .debug_macro   0x0001b484       0x90 Drivers/STM32F3xx_HAL_Driver/Src/stm32f3xx_hal.o
 .debug_macro   0x0001b514       0x82 Drivers/STM32F3xx_HAL_Driver/Src/stm32f3xx_hal.o
 .debug_macro   0x0001b596       0xd4 Drivers/STM32F3xx_HAL_Driver/Src/stm32f3xx_hal.o
 .debug_macro   0x0001b66a      0x6a1 Drivers/STM32F3xx_HAL_Driver/Src/stm32f3xx_hal.o
 .debug_macro   0x0001bd0b      0x38a Drivers/STM32F3xx_HAL_Driver/Src/stm32f3xx_hal.o
 .debug_macro   0x0001c095      0x566 Drivers/STM32F3xx_HAL_Driver/Src/stm32f3xx_hal.o
 .debug_macro   0x0001c5fb       0x2b Drivers/STM32F3xx_HAL_Driver/Src/stm32f3xx_hal.o
 .debug_macro   0x0001c626      0x26e Drivers/STM32F3xx_HAL_Driver/Src/stm32f3xx_hal.o
 .debug_macro   0x0001c894      0x340 Drivers/STM32F3xx_HAL_Driver/Src/stm32f3xx_hal_adc.o
 .debug_macro   0x0001cbd4      0x369 Drivers/STM32F3xx_HAL_Driver/Src/stm32f3xx_hal_adc_ex.o
 .debug_macro   0x0001cf3d      0x33f Drivers/STM32F3xx_HAL_Driver/Src/stm32f3xx_hal_cortex.o
 .debug_macro   0x0001d27c      0x340 Drivers/STM32F3xx_HAL_Driver/Src/stm32f3xx_hal_dac.o
 .debug_macro   0x0001d5bc      0x33f Drivers/STM32F3xx_HAL_Driver/Src/stm32f3xx_hal_dac_ex.o
 .debug_macro   0x0001d8fb      0x33f Drivers/STM32F3xx_HAL_Driver/Src/stm32f3xx_hal_dma.o
 .debug_macro   0x0001dc3a      0x377 Drivers/STM32F3xx_HAL_Driver/Src/stm32f3xx_hal_gpio.o
 .debug_macro   0x0001dfb1      0x363 Drivers/STM32F3xx_HAL_Driver/Src/stm32f3xx_hal_rcc.o
 .debug_macro   0x0001e314      0x33f Drivers/STM32F3xx_HAL_Driver/Src/stm32f3xx_hal_rcc_ex.o
 .debug_macro   0x0001e653      0x340 Drivers/STM32F3xx_HAL_Driver/Src/stm32f3xx_hal_tim.o
 .debug_macro   0x0001e993      0x34b Drivers/STM32F3xx_HAL_Driver/Src/stm32f3xx_hal_tim_ex.o
 .debug_macro   0x0001ecde      0x347 Drivers/STM32F3xx_HAL_Driver/Src/stm32f3xx_hal_uart.o
 .debug_macro   0x0001f025      0x368 Src/main.o
 .debug_macro   0x0001f38d       0x16 Src/main.o
 .debug_macro   0x0001f3a3       0x35 Src/main.o
 .debug_macro   0x0001f3d8      0x33f Src/stm32f3xx_hal_msp.o
 .debug_macro   0x0001f717      0x349 Src/stm32f3xx_it.o
 .debug_macro   0x0001fa60      0x345 Src/system_stm32f3xx.o

.debug_line     0x00000000     0xdbf8
 .debug_line    0x00000000      0x958 Drivers/STM32F3xx_HAL_Driver/Src/stm32f3xx_hal.o
 .debug_line    0x00000958      0x982 Drivers/STM32F3xx_HAL_Driver/Src/stm32f3xx_hal_adc.o
 .debug_line    0x000012da     0x1ac7 Drivers/STM32F3xx_HAL_Driver/Src/stm32f3xx_hal_adc_ex.o
 .debug_line    0x00002da1      0xaf8 Drivers/STM32F3xx_HAL_Driver/Src/stm32f3xx_hal_cortex.o
 .debug_line    0x00003899      0x957 Drivers/STM32F3xx_HAL_Driver/Src/stm32f3xx_hal_dac.o
 .debug_line    0x000041f0      0xa74 Drivers/STM32F3xx_HAL_Driver/Src/stm32f3xx_hal_dac_ex.o
 .debug_line    0x00004c64      0xa0e Drivers/STM32F3xx_HAL_Driver/Src/stm32f3xx_hal_dma.o
 .debug_line    0x00005672      0x987 Drivers/STM32F3xx_HAL_Driver/Src/stm32f3xx_hal_gpio.o
 .debug_line    0x00005ff9     0x128a Drivers/STM32F3xx_HAL_Driver/Src/stm32f3xx_hal_rcc.o
 .debug_line    0x00007283      0xaf5 Drivers/STM32F3xx_HAL_Driver/Src/stm32f3xx_hal_rcc_ex.o
 .debug_line    0x00007d78     0x1a69 Drivers/STM32F3xx_HAL_Driver/Src/stm32f3xx_hal_tim.o
 .debug_line    0x000097e1      0xf33 Drivers/STM32F3xx_HAL_Driver/Src/stm32f3xx_hal_tim_ex.o
 .debug_line    0x0000a714     0x122e Drivers/STM32F3xx_HAL_Driver/Src/stm32f3xx_hal_uart.o
 .debug_line    0x0000b942      0x94b Src/main.o
 .debug_line    0x0000c28d      0x8a8 Src/stm32f3xx_hal_msp.o
 .debug_line    0x0000cb35      0x82b Src/stm32f3xx_it.o
 .debug_line    0x0000d360      0x819 Src/system_stm32f3xx.o
 .debug_line    0x0000db79       0x7f startup/startup_stm32f303xc.o

.debug_str      0x00000000    0xba52f
 .debug_str     0x00000000    0xb64ff Drivers/STM32F3xx_HAL_Driver/Src/stm32f3xx_hal.o
                              0xb6969 (size before relaxing)
 .debug_str     0x000b64ff      0x5f4 Drivers/STM32F3xx_HAL_Driver/Src/stm32f3xx_hal_adc.o
                              0xb6837 (size before relaxing)
 .debug_str     0x000b6af3      0x707 Drivers/STM32F3xx_HAL_Driver/Src/stm32f3xx_hal_adc_ex.o
                              0xb6e95 (size before relaxing)
 .debug_str     0x000b71fa      0x3e0 Drivers/STM32F3xx_HAL_Driver/Src/stm32f3xx_hal_cortex.o
                              0xb6ad1 (size before relaxing)
 .debug_str     0x000b75da      0x2f1 Drivers/STM32F3xx_HAL_Driver/Src/stm32f3xx_hal_dac.o
                              0xb665f (size before relaxing)
 .debug_str     0x000b78cb      0x1ac Drivers/STM32F3xx_HAL_Driver/Src/stm32f3xx_hal_dac_ex.o
                              0xb66f1 (size before relaxing)
 .debug_str     0x000b7a77      0x248 Drivers/STM32F3xx_HAL_Driver/Src/stm32f3xx_hal_dma.o
                              0xb65a5 (size before relaxing)
 .debug_str     0x000b7cbf      0x2a3 Drivers/STM32F3xx_HAL_Driver/Src/stm32f3xx_hal_gpio.o
                              0xb6497 (size before relaxing)
 .debug_str     0x000b7f62      0x40d Drivers/STM32F3xx_HAL_Driver/Src/stm32f3xx_hal_rcc.o
                              0xb66b8 (size before relaxing)
 .debug_str     0x000b836f      0x22f Drivers/STM32F3xx_HAL_Driver/Src/stm32f3xx_hal_rcc_ex.o
                              0xb647f (size before relaxing)
 .debug_str     0x000b859e      0xe51 Drivers/STM32F3xx_HAL_Driver/Src/stm32f3xx_hal_tim.o
                              0xb728c (size before relaxing)
 .debug_str     0x000b93ef      0x5eb Drivers/STM32F3xx_HAL_Driver/Src/stm32f3xx_hal_tim_ex.o
                              0xb6cf1 (size before relaxing)
 .debug_str     0x000b99da      0x985 Drivers/STM32F3xx_HAL_Driver/Src/stm32f3xx_hal_uart.o
                              0xb6db1 (size before relaxing)
 .debug_str     0x000ba35f       0xe5 Src/main.o
                              0xb74b7 (size before relaxing)
 .debug_str     0x000ba444       0x25 Src/stm32f3xx_hal_msp.o
                              0xb70e3 (size before relaxing)
 .debug_str     0x000ba469       0x62 Src/stm32f3xx_it.o
                              0xb65d2 (size before relaxing)
 .debug_str     0x000ba4cb       0x64 Src/system_stm32f3xx.o
                              0xb6278 (size before relaxing)

.comment        0x00000000       0x6e
 .comment       0x00000000       0x6e Drivers/STM32F3xx_HAL_Driver/Src/stm32f3xx_hal.o
                                 0x6f (size before relaxing)
 .comment       0x0000006e       0x6f Drivers/STM32F3xx_HAL_Driver/Src/stm32f3xx_hal_adc.o
 .comment       0x0000006e       0x6f Drivers/STM32F3xx_HAL_Driver/Src/stm32f3xx_hal_adc_ex.o
 .comment       0x0000006e       0x6f Drivers/STM32F3xx_HAL_Driver/Src/stm32f3xx_hal_cortex.o
 .comment       0x0000006e       0x6f Drivers/STM32F3xx_HAL_Driver/Src/stm32f3xx_hal_dac.o
 .comment       0x0000006e       0x6f Drivers/STM32F3xx_HAL_Driver/Src/stm32f3xx_hal_dac_ex.o
 .comment       0x0000006e       0x6f Drivers/STM32F3xx_HAL_Driver/Src/stm32f3xx_hal_dma.o
 .comment       0x0000006e       0x6f Drivers/STM32F3xx_HAL_Driver/Src/stm32f3xx_hal_gpio.o
 .comment       0x0000006e       0x6f Drivers/STM32F3xx_HAL_Driver/Src/stm32f3xx_hal_rcc.o
 .comment       0x0000006e       0x6f Drivers/STM32F3xx_HAL_Driver/Src/stm32f3xx_hal_rcc_ex.o
 .comment       0x0000006e       0x6f Drivers/STM32F3xx_HAL_Driver/Src/stm32f3xx_hal_tim.o
 .comment       0x0000006e       0x6f Drivers/STM32F3xx_HAL_Driver/Src/stm32f3xx_hal_tim_ex.o
 .comment       0x0000006e       0x6f Drivers/STM32F3xx_HAL_Driver/Src/stm32f3xx_hal_uart.o
 .comment       0x0000006e       0x6f Src/main.o
 .comment       0x0000006e       0x6f Src/stm32f3xx_hal_msp.o
 .comment       0x0000006e       0x6f Src/stm32f3xx_it.o
 .comment       0x0000006e       0x6f Src/system_stm32f3xx.o

.debug_frame    0x00000000     0x3fc0
 .debug_frame   0x00000000      0x270 Drivers/STM32F3xx_HAL_Driver/Src/stm32f3xx_hal.o
 .debug_frame   0x00000270      0x380 Drivers/STM32F3xx_HAL_Driver/Src/stm32f3xx_hal_adc.o
 .debug_frame   0x000005f0      0x64c Drivers/STM32F3xx_HAL_Driver/Src/stm32f3xx_hal_adc_ex.o
 .debug_frame   0x00000c3c      0x498 Drivers/STM32F3xx_HAL_Driver/Src/stm32f3xx_hal_cortex.o
 .debug_frame   0x000010d4      0x2d4 Drivers/STM32F3xx_HAL_Driver/Src/stm32f3xx_hal_dac.o
 .debug_frame   0x000013a8      0x310 Drivers/STM32F3xx_HAL_Driver/Src/stm32f3xx_hal_dac_ex.o
 .debug_frame   0x000016b8      0x224 Drivers/STM32F3xx_HAL_Driver/Src/stm32f3xx_hal_dma.o
 .debug_frame   0x000018dc      0x14c Drivers/STM32F3xx_HAL_Driver/Src/stm32f3xx_hal_gpio.o
 .debug_frame   0x00001a28      0x210 Drivers/STM32F3xx_HAL_Driver/Src/stm32f3xx_hal_rcc.o
 .debug_frame   0x00001c38       0xb4 Drivers/STM32F3xx_HAL_Driver/Src/stm32f3xx_hal_rcc_ex.o
 .debug_frame   0x00001cec      0xfb4 Drivers/STM32F3xx_HAL_Driver/Src/stm32f3xx_hal_tim.o
 .debug_frame   0x00002ca0      0x660 Drivers/STM32F3xx_HAL_Driver/Src/stm32f3xx_hal_tim_ex.o
 .debug_frame   0x00003300      0x8d4 Drivers/STM32F3xx_HAL_Driver/Src/stm32f3xx_hal_uart.o
 .debug_frame   0x00003bd4      0x18c Src/main.o
 .debug_frame   0x00003d60      0x15c Src/stm32f3xx_hal_msp.o
 .debug_frame   0x00003ebc       0x80 Src/stm32f3xx_it.o
 .debug_frame   0x00003f3c       0x58 Src/system_stm32f3xx.o
 .debug_frame   0x00003f94       0x2c /home/koala/App/eclipse/plugins/fr.ac6.mcu.externaltools.arm-none.linux64_1.13.0.201701121612/tools/compiler/bin/../lib/gcc/arm-none-eabi/5.4.1/../../../../arm-none-eabi/lib/armv7e-m/fpu/libc_nano.a(lib_a-init.o)
