Archive member included to satisfy reference by file (symbol)

/Users/koala/.local/share/gcc-arm-none-eabi-5_4-2016q3/bin/../lib/gcc/arm-none-eabi/5.4.1/../../../../arm-none-eabi/lib/armv7e-m/fpu/libc_nano.a(lib_a-exit.o)
                              /Users/koala/.local/share/gcc-arm-none-eabi-5_4-2016q3/bin/../lib/gcc/arm-none-eabi/5.4.1/../../../../arm-none-eabi/lib/armv7e-m/fpu/crt0.o (exit)
/Users/koala/.local/share/gcc-arm-none-eabi-5_4-2016q3/bin/../lib/gcc/arm-none-eabi/5.4.1/../../../../arm-none-eabi/lib/armv7e-m/fpu/libc_nano.a(lib_a-impure.o)
                              /Users/koala/.local/share/gcc-arm-none-eabi-5_4-2016q3/bin/../lib/gcc/arm-none-eabi/5.4.1/../../../../arm-none-eabi/lib/armv7e-m/fpu/libc_nano.a(lib_a-exit.o) (_global_impure_ptr)
/Users/koala/.local/share/gcc-arm-none-eabi-5_4-2016q3/bin/../lib/gcc/arm-none-eabi/5.4.1/../../../../arm-none-eabi/lib/armv7e-m/fpu/libc_nano.a(lib_a-init.o)
                              /Users/koala/.local/share/gcc-arm-none-eabi-5_4-2016q3/bin/../lib/gcc/arm-none-eabi/5.4.1/../../../../arm-none-eabi/lib/armv7e-m/fpu/crt0.o (__libc_init_array)
/Users/koala/.local/share/gcc-arm-none-eabi-5_4-2016q3/bin/../lib/gcc/arm-none-eabi/5.4.1/../../../../arm-none-eabi/lib/armv7e-m/fpu/libc_nano.a(lib_a-memset.o)
                              /Users/koala/.local/share/gcc-arm-none-eabi-5_4-2016q3/bin/../lib/gcc/arm-none-eabi/5.4.1/../../../../arm-none-eabi/lib/armv7e-m/fpu/crt0.o (memset)
/Users/koala/.local/share/gcc-arm-none-eabi-5_4-2016q3/bin/../lib/gcc/arm-none-eabi/5.4.1/../../../../arm-none-eabi/lib/armv7e-m/fpu/libnosys.a(_exit.o)
                              /Users/koala/.local/share/gcc-arm-none-eabi-5_4-2016q3/bin/../lib/gcc/arm-none-eabi/5.4.1/../../../../arm-none-eabi/lib/armv7e-m/fpu/libc_nano.a(lib_a-exit.o) (_exit)

Allocating common symbols
Common symbol       size              file

hi2c1               0x4c              Src/main.o
uwTick              0x4               Drivers/STM32F3xx_HAL_Driver/Src/stm32f3xx_hal.o
pFlash              0x20              Drivers/STM32F3xx_HAL_Driver/Src/stm32f3xx_hal_flash.o

Discarded input sections

 .text          0x0000000000000000        0x0 /Users/koala/.local/share/gcc-arm-none-eabi-5_4-2016q3/bin/../lib/gcc/arm-none-eabi/5.4.1/armv7e-m/fpu/crti.o
 .data          0x0000000000000000        0x0 /Users/koala/.local/share/gcc-arm-none-eabi-5_4-2016q3/bin/../lib/gcc/arm-none-eabi/5.4.1/armv7e-m/fpu/crti.o
 .bss           0x0000000000000000        0x0 /Users/koala/.local/share/gcc-arm-none-eabi-5_4-2016q3/bin/../lib/gcc/arm-none-eabi/5.4.1/armv7e-m/fpu/crti.o
 .data          0x0000000000000000        0x4 /Users/koala/.local/share/gcc-arm-none-eabi-5_4-2016q3/bin/../lib/gcc/arm-none-eabi/5.4.1/armv7e-m/fpu/crtbegin.o
 .text          0x0000000000000000       0x74 /Users/koala/.local/share/gcc-arm-none-eabi-5_4-2016q3/bin/../lib/gcc/arm-none-eabi/5.4.1/../../../../arm-none-eabi/lib/armv7e-m/fpu/crt0.o
 .data          0x0000000000000000        0x0 /Users/koala/.local/share/gcc-arm-none-eabi-5_4-2016q3/bin/../lib/gcc/arm-none-eabi/5.4.1/../../../../arm-none-eabi/lib/armv7e-m/fpu/crt0.o
 .bss           0x0000000000000000        0x0 /Users/koala/.local/share/gcc-arm-none-eabi-5_4-2016q3/bin/../lib/gcc/arm-none-eabi/5.4.1/../../../../arm-none-eabi/lib/armv7e-m/fpu/crt0.o
 .ARM.extab     0x0000000000000000        0x0 /Users/koala/.local/share/gcc-arm-none-eabi-5_4-2016q3/bin/../lib/gcc/arm-none-eabi/5.4.1/../../../../arm-none-eabi/lib/armv7e-m/fpu/crt0.o
 .ARM.exidx     0x0000000000000000        0x8 /Users/koala/.local/share/gcc-arm-none-eabi-5_4-2016q3/bin/../lib/gcc/arm-none-eabi/5.4.1/../../../../arm-none-eabi/lib/armv7e-m/fpu/crt0.o
 .ARM.attributes
                0x0000000000000000       0x20 /Users/koala/.local/share/gcc-arm-none-eabi-5_4-2016q3/bin/../lib/gcc/arm-none-eabi/5.4.1/../../../../arm-none-eabi/lib/armv7e-m/fpu/crt0.o
 .group         0x0000000000000000        0x8 Drivers/STM32F3xx_HAL_Driver/Src/stm32f3xx_hal.o
 .group         0x0000000000000000        0x8 Drivers/STM32F3xx_HAL_Driver/Src/stm32f3xx_hal.o
 .group         0x0000000000000000        0x8 Drivers/STM32F3xx_HAL_Driver/Src/stm32f3xx_hal.o
 .group         0x0000000000000000        0x8 Drivers/STM32F3xx_HAL_Driver/Src/stm32f3xx_hal.o
 .group         0x0000000000000000        0x8 Drivers/STM32F3xx_HAL_Driver/Src/stm32f3xx_hal.o
 .group         0x0000000000000000        0x8 Drivers/STM32F3xx_HAL_Driver/Src/stm32f3xx_hal.o
 .group         0x0000000000000000        0x8 Drivers/STM32F3xx_HAL_Driver/Src/stm32f3xx_hal.o
 .group         0x0000000000000000        0x8 Drivers/STM32F3xx_HAL_Driver/Src/stm32f3xx_hal.o
 .group         0x0000000000000000        0x8 Drivers/STM32F3xx_HAL_Driver/Src/stm32f3xx_hal.o
 .group         0x0000000000000000        0x8 Drivers/STM32F3xx_HAL_Driver/Src/stm32f3xx_hal.o
 .group         0x0000000000000000        0x8 Drivers/STM32F3xx_HAL_Driver/Src/stm32f3xx_hal.o
[...]
Memory Configuration

Name             Origin             Length             Attributes
RAM              0x0000000020000000 0x000000000000a000 xrw
CCMRAM           0x0000000010000000 0x0000000000002000 rw
FLASH            0x0000000008000000 0x0000000000040000 xr
*default*        0x0000000000000000 0xffffffffffffffff

Linker script and memory map

LOAD /Users/koala/.local/share/gcc-arm-none-eabi-5_4-2016q3/bin/../lib/gcc/arm-none-eabi/5.4.1/armv7e-m/fpu/crti.o
LOAD /Users/koala/.local/share/gcc-arm-none-eabi-5_4-2016q3/bin/../lib/gcc/arm-none-eabi/5.4.1/armv7e-m/fpu/crtbegin.o
LOAD /Users/koala/.local/share/gcc-arm-none-eabi-5_4-2016q3/bin/../lib/gcc/arm-none-eabi/5.4.1/../../../../arm-none-eabi/lib/armv7e-m/fpu/crt0.o
LOAD /Users/koala/.local/share/gcc-arm-none-eabi-5_4-2016q3/bin/../lib/gcc/arm-none-eabi/5.4.1/../../../../arm-none-eabi/lib/armv7e-m/fpu/libm.a
LOAD Drivers/STM32F3xx_HAL_Driver/Src/stm32f3xx_hal.o
LOAD Drivers/STM32F3xx_HAL_Driver/Src/stm32f3xx_hal_cortex.o
LOAD Drivers/STM32F3xx_HAL_Driver/Src/stm32f3xx_hal_dma.o
LOAD Drivers/STM32F3xx_HAL_Driver/Src/stm32f3xx_hal_flash.o
LOAD Drivers/STM32F3xx_HAL_Driver/Src/stm32f3xx_hal_flash_ex.o
LOAD Drivers/STM32F3xx_HAL_Driver/Src/stm32f3xx_hal_gpio.o
LOAD Drivers/STM32F3xx_HAL_Driver/Src/stm32f3xx_hal_i2c.o
LOAD Drivers/STM32F3xx_HAL_Driver/Src/stm32f3xx_hal_i2c_ex.o
LOAD Drivers/STM32F3xx_HAL_Driver/Src/stm32f3xx_hal_pwr.o
LOAD Drivers/STM32F3xx_HAL_Driver/Src/stm32f3xx_hal_pwr_ex.o
LOAD Drivers/STM32F3xx_HAL_Driver/Src/stm32f3xx_hal_rcc.o
LOAD Drivers/STM32F3xx_HAL_Driver/Src/stm32f3xx_hal_rcc_ex.o
LOAD Drivers/STM32F3xx_HAL_Driver/Src/stm32f3xx_hal_tim.o
LOAD Drivers/STM32F3xx_HAL_Driver/Src/stm32f3xx_hal_tim_ex.o
LOAD Src/main.o
LOAD Src/stm32f3xx_hal_msp.o
LOAD Src/stm32f3xx_it.o
LOAD Src/system_stm32f3xx.o
LOAD startup/startup_stm32f303xc.o
START GROUP
LOAD /Users/koala/.local/share/gcc-arm-none-eabi-5_4-2016q3/bin/../lib/gcc/arm-none-eabi/5.4.1/armv7e-m/fpu/libgcc.a
LOAD /Users/koala/.local/share/gcc-arm-none-eabi-5_4-2016q3/bin/../lib/gcc/arm-none-eabi/5.4.1/../../../../arm-none-eabi/lib/armv7e-m/fpu/libc_nano.a
END GROUP
START GROUP
LOAD /Users/koala/.local/share/gcc-arm-none-eabi-5_4-2016q3/bin/../lib/gcc/arm-none-eabi/5.4.1/armv7e-m/fpu/libgcc.a
LOAD /Users/koala/.local/share/gcc-arm-none-eabi-5_4-2016q3/bin/../lib/gcc/arm-none-eabi/5.4.1/../../../../arm-none-eabi/lib/armv7e-m/fpu/libc_nano.a
LOAD /Users/koala/.local/share/gcc-arm-none-eabi-5_4-2016q3/bin/../lib/gcc/arm-none-eabi/5.4.1/../../../../arm-none-eabi/lib/armv7e-m/fpu/libnosys.a
END GROUP
START GROUP
LOAD /Users/koala/.local/share/gcc-arm-none-eabi-5_4-2016q3/bin/../lib/gcc/arm-none-eabi/5.4.1/armv7e-m/fpu/libgcc.a
LOAD /Users/koala/.local/share/gcc-arm-none-eabi-5_4-2016q3/bin/../lib/gcc/arm-none-eabi/5.4.1/../../../../arm-none-eabi/lib/armv7e-m/fpu/libc_nano.a
LOAD /Users/koala/.local/share/gcc-arm-none-eabi-5_4-2016q3/bin/../lib/gcc/arm-none-eabi/5.4.1/../../../../arm-none-eabi/lib/armv7e-m/fpu/libnosys.a
END GROUP
LOAD /Users/koala/.local/share/gcc-arm-none-eabi-5_4-2016q3/bin/../lib/gcc/arm-none-eabi/5.4.1/armv7e-m/fpu/crtend.o
LOAD /Users/koala/.local/share/gcc-arm-none-eabi-5_4-2016q3/bin/../lib/gcc/arm-none-eabi/5.4.1/armv7e-m/fpu/crtn.o
                0x000000002000a000                _estack = 0x2000a000
                0x0000000000000200                _Min_Heap_Size = 0x200
                0x0000000000000400                _Min_Stack_Size = 0x400

.isr_vector     0x0000000008000000      0x188
                0x0000000008000000                . = ALIGN (0x4)
 *(.isr_vector)
 .isr_vector    0x0000000008000000      0x188 startup/startup_stm32f303xc.o
                0x0000000008000000                g_pfnVectors
                0x0000000008000188                . = ALIGN (0x4)

.text           0x0000000008000188     0x2924
                0x0000000008000188                . = ALIGN (0x4)
 *(.text)
 .text          0x0000000008000188       0x5c /Users/koala/.local/share/gcc-arm-none-eabi-5_4-2016q3/bin/../lib/gcc/arm-none-eabi/5.4.1/armv7e-m/fpu/crtbegin.o
 *(.text*)
 .text.HAL_Init
                0x00000000080001e4       0x2c Drivers/STM32F3xx_HAL_Driver/Src/stm32f3xx_hal.o
                0x00000000080001e4                HAL_Init
 .text.HAL_InitTick
                0x0000000008000210       0x38 Drivers/STM32F3xx_HAL_Driver/Src/stm32f3xx_hal.o
                0x0000000008000210                HAL_InitTick
 .text.HAL_IncTick
                0x0000000008000248       0x1c Drivers/STM32F3xx_HAL_Driver/Src/stm32f3xx_hal.o
                0x0000000008000248                HAL_IncTick
 .text.HAL_GetTick
                0x0000000008000264       0x18 Drivers/STM32F3xx_HAL_Driver/Src/stm32f3xx_hal.o
                0x0000000008000264                HAL_GetTick
 .text.HAL_Delay
                0x000000000800027c       0x28 Drivers/STM32F3xx_HAL_Driver/Src/stm32f3xx_hal.o
                0x000000000800027c                HAL_Delay
 .text.NVIC_SetPriorityGrouping
                0x00000000080002a4       0x48 Drivers/STM32F3xx_HAL_Driver/Src/stm32f3xx_hal_cortex.o
 .text.NVIC_GetPriorityGrouping
                0x00000000080002ec       0x1c Drivers/STM32F3xx_HAL_Driver/Src/stm32f3xx_hal_cortex.o
 .text.NVIC_EnableIRQ
                0x0000000008000308       0x34 Drivers/STM32F3xx_HAL_Driver/Src/stm32f3xx_hal_cortex.o
 .text.NVIC_DisableIRQ
                0x000000000800033c       0x34 Drivers/STM32F3xx_HAL_Driver/Src/stm32f3xx_hal_cortex.o
 .text.NVIC_SetPriority
                0x0000000008000370       0x54 Drivers/STM32F3xx_HAL_Driver/Src/stm32f3xx_hal_cortex.o
 .text.NVIC_EncodePriority
                0x00000000080003c4       0x64 Drivers/STM32F3xx_HAL_Driver/Src/stm32f3xx_hal_cortex.o
 .text.SysTick_Config
                0x0000000008000428       0x44 Drivers/STM32F3xx_HAL_Driver/Src/stm32f3xx_hal_cortex.o
 .text.HAL_NVIC_SetPriorityGrouping
                0x000000000800046c       0x18 Drivers/STM32F3xx_HAL_Driver/Src/stm32f3xx_hal_cortex.o
                0x000000000800046c                HAL_NVIC_SetPriorityGrouping
 .text.HAL_NVIC_SetPriority
                0x0000000008000484       0x38 Drivers/STM32F3xx_HAL_Driver/Src/stm32f3xx_hal_cortex.o
                0x0000000008000484                HAL_NVIC_SetPriority
 .text.HAL_NVIC_EnableIRQ
                0x00000000080004bc       0x1c Drivers/STM32F3xx_HAL_Driver/Src/stm32f3xx_hal_cortex.o
                0x00000000080004bc                HAL_NVIC_EnableIRQ
 .text.HAL_NVIC_DisableIRQ
                0x00000000080004d8       0x1c Drivers/STM32F3xx_HAL_Driver/Src/stm32f3xx_hal_cortex.o
                0x00000000080004d8                HAL_NVIC_DisableIRQ
 .text.HAL_SYSTICK_Config
                0x00000000080004f4       0x18 Drivers/STM32F3xx_HAL_Driver/Src/stm32f3xx_hal_cortex.o
                0x00000000080004f4                HAL_SYSTICK_Config
 .text.HAL_SYSTICK_CLKSourceConfig
                0x000000000800050c       0x38 Drivers/STM32F3xx_HAL_Driver/Src/stm32f3xx_hal_cortex.o
                0x000000000800050c                HAL_SYSTICK_CLKSourceConfig
 .text.HAL_SYSTICK_IRQHandler
                0x0000000008000544        0xc Drivers/STM32F3xx_HAL_Driver/Src/stm32f3xx_hal_cortex.o
                0x0000000008000544                HAL_SYSTICK_IRQHandler
 .text.HAL_SYSTICK_Callback
                0x0000000008000550       0x10 Drivers/STM32F3xx_HAL_Driver/Src/stm32f3xx_hal_cortex.o
                0x0000000008000550                HAL_SYSTICK_Callback
 .text.HAL_GPIO_Init
                0x0000000008000560      0x2fc Drivers/STM32F3xx_HAL_Driver/Src/stm32f3xx_hal_gpio.o
                0x0000000008000560                HAL_GPIO_Init
 .text.HAL_GPIO_WritePin
                0x000000000800085c       0x30 Drivers/STM32F3xx_HAL_Driver/Src/stm32f3xx_hal_gpio.o
                0x000000000800085c                HAL_GPIO_WritePin
 .text.HAL_GPIO_TogglePin
                0x000000000800088c       0x24 Drivers/STM32F3xx_HAL_Driver/Src/stm32f3xx_hal_gpio.o
                0x000000000800088c                HAL_GPIO_TogglePin
 .text.HAL_GPIO_EXTI_IRQHandler
                0x00000000080008b0       0x30 Drivers/STM32F3xx_HAL_Driver/Src/stm32f3xx_hal_gpio.o
                0x00000000080008b0                HAL_GPIO_EXTI_IRQHandler
 .text.HAL_I2C_Init
                0x00000000080008e0      0x11c Drivers/STM32F3xx_HAL_Driver/Src/stm32f3xx_hal_i2c.o
                0x00000000080008e0                HAL_I2C_Init
 .text.HAL_I2CEx_ConfigAnalogFilter
                0x00000000080009fc       0x98 Drivers/STM32F3xx_HAL_Driver/Src/stm32f3xx_hal_i2c_ex.o
                0x00000000080009fc                HAL_I2CEx_ConfigAnalogFilter
 .text.HAL_RCC_OscConfig
                0x0000000008000a94     0x11a0 Drivers/STM32F3xx_HAL_Driver/Src/stm32f3xx_hal_rcc.o
                0x0000000008000a94                HAL_RCC_OscConfig
 .text.HAL_RCC_ClockConfig
                0x0000000008001c34      0x400 Drivers/STM32F3xx_HAL_Driver/Src/stm32f3xx_hal_rcc.o
                0x0000000008001c34                HAL_RCC_ClockConfig
 .text.HAL_RCC_GetSysClockFreq
                0x0000000008002034       0xd4 Drivers/STM32F3xx_HAL_Driver/Src/stm32f3xx_hal_rcc.o
                0x0000000008002034                HAL_RCC_GetSysClockFreq
 .text.HAL_RCC_GetHCLKFreq
                0x0000000008002108       0x18 Drivers/STM32F3xx_HAL_Driver/Src/stm32f3xx_hal_rcc.o
                0x0000000008002108                HAL_RCC_GetHCLKFreq
 .text.HAL_RCCEx_PeriphCLKConfig
                0x0000000008002120      0x3a0 Drivers/STM32F3xx_HAL_Driver/Src/stm32f3xx_hal_rcc_ex.o
                0x0000000008002120                HAL_RCCEx_PeriphCLKConfig
 .text.main     0x00000000080024c0       0xdc Src/main.o
                0x00000000080024c0                main
 .text.SystemClock_Config
                0x000000000800259c       0xb8 Src/main.o
                0x000000000800259c                SystemClock_Config
 .text.MX_I2C1_Init
                0x0000000008002654       0x6c Src/main.o
 .text.MX_GPIO_Init
                0x00000000080026c0      0x148 Src/main.o
 .text.HAL_GPIO_EXTI_Callback
                0x0000000008002808       0x2c Src/main.o
                0x0000000008002808                HAL_GPIO_EXTI_Callback
 .text.Error_Handler
                0x0000000008002834        0x8 Src/main.o
                0x0000000008002834                Error_Handler
 .text.HAL_MspInit
                0x000000000800283c       0x84 Src/stm32f3xx_hal_msp.o
                0x000000000800283c                HAL_MspInit
 .text.HAL_I2C_MspInit
                0x00000000080028c0       0x60 Src/stm32f3xx_hal_msp.o
                0x00000000080028c0                HAL_I2C_MspInit
 .text.SVC_Handler
                0x0000000008002920       0x10 Src/stm32f3xx_it.o
                0x0000000008002920                SVC_Handler
 .text.PendSV_Handler
                0x0000000008002930       0x10 Src/stm32f3xx_it.o
                0x0000000008002930                PendSV_Handler
 .text.SysTick_Handler
                0x0000000008002940       0x10 Src/stm32f3xx_it.o
                0x0000000008002940                SysTick_Handler
 .text.EXTI0_IRQHandler
                0x0000000008002950       0x10 Src/stm32f3xx_it.o
                0x0000000008002950                EXTI0_IRQHandler
 .text.SystemInit
                0x0000000008002960       0x94 Src/system_stm32f3xx.o
                0x0000000008002960                SystemInit
 .text.Reset_Handler
                0x00000000080029f4       0x50 startup/startup_stm32f303xc.o
                0x00000000080029f4                Reset_Handler
 .text.Default_Handler
                0x0000000008002a44        0x2 startup/startup_stm32f303xc.o
                0x0000000008002a44                TIM1_BRK_TIM15_IRQHandler
                0x0000000008002a44                TIM8_TRG_COM_IRQHandler
                0x0000000008002a44                TIM8_CC_IRQHandler
                0x0000000008002a44                DebugMon_Handler
                0x0000000008002a44                TIM1_CC_IRQHandler
                0x0000000008002a44                HardFault_Handler
                0x0000000008002a44                USB_HP_IRQHandler
                0x0000000008002a44                PVD_IRQHandler
                0x0000000008002a44                TAMP_STAMP_IRQHandler
                0x0000000008002a44                NMI_Handler
                0x0000000008002a44                EXTI3_IRQHandler
                0x0000000008002a44                USB_HP_CAN_TX_IRQHandler
                0x0000000008002a44                I2C2_EV_IRQHandler
                0x0000000008002a44                FPU_IRQHandler
                0x0000000008002a44                TIM1_UP_TIM16_IRQHandler
                0x0000000008002a44                UsageFault_Handler
                0x0000000008002a44                ADC1_2_IRQHandler
                0x0000000008002a44                SPI1_IRQHandler
                0x0000000008002a44                CAN_SCE_IRQHandler
                0x0000000008002a44                TIM6_DAC_IRQHandler
                0x0000000008002a44                TIM8_UP_IRQHandler
                0x0000000008002a44                DMA2_Channel2_IRQHandler
                0x0000000008002a44                DMA1_Channel4_IRQHandler
                0x0000000008002a44                USART3_IRQHandler
                0x0000000008002a44                DMA1_Channel7_IRQHandler
                0x0000000008002a44                UART5_IRQHandler
                0x0000000008002a44                ADC3_IRQHandler
                0x0000000008002a44                TIM4_IRQHandler
                0x0000000008002a44                CAN_RX1_IRQHandler
                0x0000000008002a44                DMA2_Channel1_IRQHandler
                0x0000000008002a44                I2C1_EV_IRQHandler
                0x0000000008002a44                DMA1_Channel6_IRQHandler
                0x0000000008002a44                UART4_IRQHandler
                0x0000000008002a44                DMA2_Channel4_IRQHandler
                0x0000000008002a44                TIM3_IRQHandler
                0x0000000008002a44                RCC_IRQHandler
                0x0000000008002a44                DMA1_Channel1_IRQHandler
                0x0000000008002a44                Default_Handler
                0x0000000008002a44                USBWakeUp_RMP_IRQHandler
                0x0000000008002a44                EXTI15_10_IRQHandler
                0x0000000008002a44                TIM7_IRQHandler
                0x0000000008002a44                EXTI9_5_IRQHandler
                0x0000000008002a44                RTC_WKUP_IRQHandler
                0x0000000008002a44                SPI2_IRQHandler
                0x0000000008002a44                USB_LP_CAN_RX0_IRQHandler
                0x0000000008002a44                MemManage_Handler
                0x0000000008002a44                DMA2_Channel5_IRQHandler
                0x0000000008002a44                DMA1_Channel5_IRQHandler
                0x0000000008002a44                USB_LP_IRQHandler
                0x0000000008002a44                EXTI4_IRQHandler
                0x0000000008002a44                TIM1_TRG_COM_TIM17_IRQHandler
                0x0000000008002a44                DMA1_Channel3_IRQHandler
                0x0000000008002a44                ADC4_IRQHandler
                0x0000000008002a44                WWDG_IRQHandler
                0x0000000008002a44                TIM2_IRQHandler
                0x0000000008002a44                COMP7_IRQHandler
                0x0000000008002a44                COMP1_2_3_IRQHandler
                0x0000000008002a44                EXTI1_IRQHandler
                0x0000000008002a44                USART2_IRQHandler
                0x0000000008002a44                COMP4_5_6_IRQHandler
                0x0000000008002a44                I2C2_ER_IRQHandler
                0x0000000008002a44                DMA1_Channel2_IRQHandler
                0x0000000008002a44                TIM8_BRK_IRQHandler
                0x0000000008002a44                FLASH_IRQHandler
                0x0000000008002a44                BusFault_Handler
                0x0000000008002a44                USART1_IRQHandler
                0x0000000008002a44                SPI3_IRQHandler
                0x0000000008002a44                I2C1_ER_IRQHandler
                0x0000000008002a44                USBWakeUp_IRQHandler
                0x0000000008002a44                DMA2_Channel3_IRQHandler
                0x0000000008002a44                EXTI2_TSC_IRQHandler
                0x0000000008002a44                RTC_Alarm_IRQHandler
 *fill*         0x0000000008002a46        0x2 
 .text.__libc_init_array
                0x0000000008002a48       0x4c /Users/koala/.local/share/gcc-arm-none-eabi-5_4-2016q3/bin/../lib/gcc/arm-none-eabi/5.4.1/../../../../arm-none-eabi/lib/armv7e-m/fpu/libc_nano.a(lib_a-init.o)
                0x0000000008002a48                __libc_init_array
 *(.glue_7)
 .glue_7        0x0000000008002a94        0x0 linker stubs
 *(.glue_7t)
 .glue_7t       0x0000000008002a94        0x0 linker stubs
 *(.eh_frame)
 .eh_frame      0x0000000008002a94        0x0 /Users/koala/.local/share/gcc-arm-none-eabi-5_4-2016q3/bin/../lib/gcc/arm-none-eabi/5.4.1/armv7e-m/fpu/crtbegin.o
 *(.init)
 .init          0x0000000008002a94        0x4 /Users/koala/.local/share/gcc-arm-none-eabi-5_4-2016q3/bin/../lib/gcc/arm-none-eabi/5.4.1/armv7e-m/fpu/crti.o
                0x0000000008002a94                _init
 .init          0x0000000008002a98        0x8 /Users/koala/.local/share/gcc-arm-none-eabi-5_4-2016q3/bin/../lib/gcc/arm-none-eabi/5.4.1/armv7e-m/fpu/crtn.o
 *(.fini)
 .fini          0x0000000008002aa0        0x4 /Users/koala/.local/share/gcc-arm-none-eabi-5_4-2016q3/bin/../lib/gcc/arm-none-eabi/5.4.1/armv7e-m/fpu/crti.o
                0x0000000008002aa0                _fini
 .fini          0x0000000008002aa4        0x8 /Users/koala/.local/share/gcc-arm-none-eabi-5_4-2016q3/bin/../lib/gcc/arm-none-eabi/5.4.1/armv7e-m/fpu/crtn.o
                0x0000000008002aac                . = ALIGN (0x4)
                0x0000000008002aac                _etext = .

.vfp11_veneer   0x0000000008002aac        0x0
 .vfp11_veneer  0x0000000008002aac        0x0 linker stubs

.v4_bx          0x0000000008002aac        0x0
 .v4_bx         0x0000000008002aac        0x0 linker stubs

.iplt           0x0000000008002aac        0x0
 .iplt          0x0000000008002aac        0x0 /Users/koala/.local/share/gcc-arm-none-eabi-5_4-2016q3/bin/../lib/gcc/arm-none-eabi/5.4.1/armv7e-m/fpu/crtbegin.o

.rodata         0x0000000008002aac       0x38
                0x0000000008002aac                . = ALIGN (0x4)
 *(.rodata)
 .rodata        0x0000000008002aac       0x20 Drivers/STM32F3xx_HAL_Driver/Src/stm32f3xx_hal_rcc.o
                0x0000000008002aac                aPLLMULFactorTable
                0x0000000008002abc                aPredivFactorTable
 .rodata        0x0000000008002acc       0x18 Src/system_stm32f3xx.o
                0x0000000008002acc                AHBPrescTable
                0x0000000008002adc                APBPrescTable
 *(.rodata*)
                0x0000000008002ae4                . = ALIGN (0x4)

.rel.dyn        0x0000000008002ae4        0x0
 .rel.iplt      0x0000000008002ae4        0x0 /Users/koala/.local/share/gcc-arm-none-eabi-5_4-2016q3/bin/../lib/gcc/arm-none-eabi/5.4.1/armv7e-m/fpu/crtbegin.o

.ARM.extab
 *(.ARM.extab* .gnu.linkonce.armextab.*)

.ARM            0x0000000008002ae4        0x0
                0x0000000008002ae4                __exidx_start = .
 *(.ARM.exidx*)
                0x0000000008002ae4                __exidx_end = .

.preinit_array  0x0000000008002ae4        0x0
                0x0000000008002ae4                PROVIDE (__preinit_array_start, .)
 *(.preinit_array*)
                0x0000000008002ae4                PROVIDE (__preinit_array_end, .)

.init_array     0x0000000008002ae4        0x4
                0x0000000008002ae4                PROVIDE (__init_array_start, .)
 *(SORT(.init_array.*))
 *(.init_array*)
 .init_array    0x0000000008002ae4        0x4 /Users/koala/.local/share/gcc-arm-none-eabi-5_4-2016q3/bin/../lib/gcc/arm-none-eabi/5.4.1/armv7e-m/fpu/crtbegin.o
                0x0000000008002ae8                PROVIDE (__init_array_end, .)

.fini_array     0x0000000008002ae8        0x4
                [!provide]                        PROVIDE (__fini_array_start, .)
 *(SORT(.fini_array.*))
 *(.fini_array*)
 .fini_array    0x0000000008002ae8        0x4 /Users/koala/.local/share/gcc-arm-none-eabi-5_4-2016q3/bin/../lib/gcc/arm-none-eabi/5.4.1/armv7e-m/fpu/crtbegin.o
                [!provide]                        PROVIDE (__fini_array_end, .)
                0x0000000008002aec                _sidata = LOADADDR (.data)

.data           0x0000000020000000        0x4 load address 0x0000000008002aec
                0x0000000020000000                . = ALIGN (0x4)
                0x0000000020000000                _sdata = .
 *(.data)
 .data          0x0000000020000000        0x4 Src/system_stm32f3xx.o
                0x0000000020000000                SystemCoreClock
 *(.data*)
                0x0000000020000004                . = ALIGN (0x4)
                0x0000000020000004                _edata = .
                0x0000000008002af0                _siccmram = LOADADDR (.ccmram)

.jcr            0x0000000020000004        0x0 load address 0x0000000008002af0
 .jcr           0x0000000020000004        0x0 /Users/koala/.local/share/gcc-arm-none-eabi-5_4-2016q3/bin/../lib/gcc/arm-none-eabi/5.4.1/armv7e-m/fpu/crtbegin.o

.igot.plt       0x0000000020000004        0x0 load address 0x0000000008002af0
 .igot.plt      0x0000000020000004        0x0 /Users/koala/.local/share/gcc-arm-none-eabi-5_4-2016q3/bin/../lib/gcc/arm-none-eabi/5.4.1/armv7e-m/fpu/crtbegin.o

.ccmram         0x0000000010000000        0x0 load address 0x0000000008002af0
                0x0000000010000000                . = ALIGN (0x4)
                0x0000000010000000                _sccmram = .
 *(.ccmram)
 *(.ccmram*)
                0x0000000010000000                . = ALIGN (0x4)
                0x0000000010000000                _eccmram = .
                0x0000000010000000                . = ALIGN (0x4)

.bss            0x0000000020000004       0x70
                0x0000000020000004                _sbss = .
                0x0000000020000004                __bss_start__ = _sbss
 *(.bss)
 .bss           0x0000000020000004       0x1c /Users/koala/.local/share/gcc-arm-none-eabi-5_4-2016q3/bin/../lib/gcc/arm-none-eabi/5.4.1/armv7e-m/fpu/crtbegin.o
 .bss           0x0000000020000020        0x1 Src/main.o
                0x0000000020000020                state
 *(.bss*)
 *(COMMON)
 *fill*         0x0000000020000021        0x3 
 COMMON         0x0000000020000024        0x4 Drivers/STM32F3xx_HAL_Driver/Src/stm32f3xx_hal.o
                0x0000000020000024                uwTick
 COMMON         0x0000000020000028       0x4c Src/main.o
                0x0000000020000028                hi2c1
                0x0000000020000074                . = ALIGN (0x4)
                0x0000000020000074                _ebss = .
                0x0000000020000074                __bss_end__ = _ebss

._user_heap_stack
                0x0000000020000074      0x604
                0x0000000020000078                . = ALIGN (0x8)
 *fill*         0x0000000020000074        0x4 
                [!provide]                        PROVIDE (end, .)
                [!provide]                        PROVIDE (_end, .)
                0x0000000020000278                . = (. + _Min_Heap_Size)
 *fill*         0x0000000020000078      0x200 
                0x0000000020000678                . = (. + _Min_Stack_Size)
 *fill*         0x0000000020000278      0x400 
                0x0000000020000678                . = ALIGN (0x8)

/DISCARD/
 libc.a(*)
 libm.a(*)
 libgcc.a(*)

.ARM.attributes
                0x0000000000000000       0x30
 *(.ARM.attributes)
 .ARM.attributes
                0x0000000000000000       0x22 /Users/koala/.local/share/gcc-arm-none-eabi-5_4-2016q3/bin/../lib/gcc/arm-none-eabi/5.4.1/armv7e-m/fpu/crti.o
 .ARM.attributes
                0x0000000000000022       0x34 /Users/koala/.local/share/gcc-arm-none-eabi-5_4-2016q3/bin/../lib/gcc/arm-none-eabi/5.4.1/armv7e-m/fpu/crtbegin.o
 .ARM.attributes
                0x0000000000000056       0x39 Drivers/STM32F3xx_HAL_Driver/Src/stm32f3xx_hal.o
 .ARM.attributes
                0x000000000000008f       0x39 Drivers/STM32F3xx_HAL_Driver/Src/stm32f3xx_hal_cortex.o
 .ARM.attributes
                0x00000000000000c8       0x39 Drivers/STM32F3xx_HAL_Driver/Src/stm32f3xx_hal_gpio.o
 .ARM.attributes
                0x0000000000000101       0x39 Drivers/STM32F3xx_HAL_Driver/Src/stm32f3xx_hal_i2c.o
 .ARM.attributes
                0x000000000000013a       0x39 Drivers/STM32F3xx_HAL_Driver/Src/stm32f3xx_hal_i2c_ex.o
 .ARM.attributes
                0x0000000000000173       0x39 Drivers/STM32F3xx_HAL_Driver/Src/stm32f3xx_hal_rcc.o
 .ARM.attributes
                0x00000000000001ac       0x39 Drivers/STM32F3xx_HAL_Driver/Src/stm32f3xx_hal_rcc_ex.o
 .ARM.attributes
                0x00000000000001e5       0x39 Src/main.o
 .ARM.attributes
                0x000000000000021e       0x39 Src/stm32f3xx_hal_msp.o
 .ARM.attributes
                0x0000000000000257       0x39 Src/stm32f3xx_it.o
 .ARM.attributes
                0x0000000000000290       0x39 Src/system_stm32f3xx.o
 .ARM.attributes
                0x00000000000002c9       0x21 startup/startup_stm32f303xc.o
 .ARM.attributes
                0x00000000000002ea       0x34 /Users/koala/.local/share/gcc-arm-none-eabi-5_4-2016q3/bin/../lib/gcc/arm-none-eabi/5.4.1/../../../../arm-none-eabi/lib/armv7e-m/fpu/libc_nano.a(lib_a-init.o)
 .ARM.attributes
                0x000000000000031e       0x22 /Users/koala/.local/share/gcc-arm-none-eabi-5_4-2016q3/bin/../lib/gcc/arm-none-eabi/5.4.1/armv7e-m/fpu/crtn.o
OUTPUT(trafficlight.elf elf32-littlearm)

.debug_info     0x0000000000000000     0x78a1
 .debug_info    0x0000000000000000      0x663 Drivers/STM32F3xx_HAL_Driver/Src/stm32f3xx_hal.o
 .debug_info    0x0000000000000663      0xd07 Drivers/STM32F3xx_HAL_Driver/Src/stm32f3xx_hal_cortex.o
 .debug_info    0x000000000000136a      0x667 Drivers/STM32F3xx_HAL_Driver/Src/stm32f3xx_hal_gpio.o
 .debug_info    0x00000000000019d1     0x1b81 Drivers/STM32F3xx_HAL_Driver/Src/stm32f3xx_hal_i2c.o
 .debug_info    0x0000000000003552      0x846 Drivers/STM32F3xx_HAL_Driver/Src/stm32f3xx_hal_i2c_ex.o
 .debug_info    0x0000000000003d98     0x176f Drivers/STM32F3xx_HAL_Driver/Src/stm32f3xx_hal_rcc.o
 .debug_info    0x0000000000005507      0x62b Drivers/STM32F3xx_HAL_Driver/Src/stm32f3xx_hal_rcc_ex.o
 .debug_info    0x0000000000005b32      0xdd8 Src/main.o
 .debug_info    0x000000000000690a      0xa07 Src/stm32f3xx_hal_msp.o
 .debug_info    0x0000000000007311      0x106 Src/stm32f3xx_it.o
 .debug_info    0x0000000000007417      0x400 Src/system_stm32f3xx.o
 .debug_info    0x0000000000007817       0x8a startup/startup_stm32f303xc.o

.debug_abbrev   0x0000000000000000     0x1300
 .debug_abbrev  0x0000000000000000      0x19b Drivers/STM32F3xx_HAL_Driver/Src/stm32f3xx_hal.o
 .debug_abbrev  0x000000000000019b      0x298 Drivers/STM32F3xx_HAL_Driver/Src/stm32f3xx_hal_cortex.o
 .debug_abbrev  0x0000000000000433      0x1af Drivers/STM32F3xx_HAL_Driver/Src/stm32f3xx_hal_gpio.o
 .debug_abbrev  0x00000000000005e2      0x1fe Drivers/STM32F3xx_HAL_Driver/Src/stm32f3xx_hal_i2c.o
 .debug_abbrev  0x00000000000007e0      0x185 Drivers/STM32F3xx_HAL_Driver/Src/stm32f3xx_hal_i2c_ex.o
 .debug_abbrev  0x0000000000000965      0x279 Drivers/STM32F3xx_HAL_Driver/Src/stm32f3xx_hal_rcc.o
 .debug_abbrev  0x0000000000000bde      0x212 Drivers/STM32F3xx_HAL_Driver/Src/stm32f3xx_hal_rcc_ex.o
 .debug_abbrev  0x0000000000000df0      0x215 Src/main.o
 .debug_abbrev  0x0000000000001005      0x163 Src/stm32f3xx_hal_msp.o
 .debug_abbrev  0x0000000000001168       0x82 Src/stm32f3xx_it.o
 .debug_abbrev  0x00000000000011ea      0x104 Src/system_stm32f3xx.o
 .debug_abbrev  0x00000000000012ee       0x12 startup/startup_stm32f303xc.o

.debug_aranges  0x0000000000000000      0x688
 .debug_aranges
                0x0000000000000000       0xb0 Drivers/STM32F3xx_HAL_Driver/Src/stm32f3xx_hal.o
 .debug_aranges
                0x00000000000000b0      0x118 Drivers/STM32F3xx_HAL_Driver/Src/stm32f3xx_hal_cortex.o
 .debug_aranges
                0x00000000000001c8       0x58 Drivers/STM32F3xx_HAL_Driver/Src/stm32f3xx_hal_gpio.o
 .debug_aranges
                0x0000000000000220      0x260 Drivers/STM32F3xx_HAL_Driver/Src/stm32f3xx_hal_i2c.o
 .debug_aranges
                0x0000000000000480       0x48 Drivers/STM32F3xx_HAL_Driver/Src/stm32f3xx_hal_i2c_ex.o
 .debug_aranges
                0x00000000000004c8       0x88 Drivers/STM32F3xx_HAL_Driver/Src/stm32f3xx_hal_rcc.o
 .debug_aranges
                0x0000000000000550       0x38 Drivers/STM32F3xx_HAL_Driver/Src/stm32f3xx_hal_rcc_ex.o
 .debug_aranges
                0x0000000000000588       0x48 Src/main.o
 .debug_aranges
                0x00000000000005d0       0x30 Src/stm32f3xx_hal_msp.o
 .debug_aranges
                0x0000000000000600       0x38 Src/stm32f3xx_it.o
 .debug_aranges
                0x0000000000000638       0x28 Src/system_stm32f3xx.o
 .debug_aranges
                0x0000000000000660       0x28 startup/startup_stm32f303xc.o

.debug_ranges   0x0000000000000000      0x5d0
 .debug_ranges  0x0000000000000000       0xa0 Drivers/STM32F3xx_HAL_Driver/Src/stm32f3xx_hal.o
 .debug_ranges  0x00000000000000a0      0x108 Drivers/STM32F3xx_HAL_Driver/Src/stm32f3xx_hal_cortex.o
 .debug_ranges  0x00000000000001a8       0x48 Drivers/STM32F3xx_HAL_Driver/Src/stm32f3xx_hal_gpio.o
 .debug_ranges  0x00000000000001f0      0x250 Drivers/STM32F3xx_HAL_Driver/Src/stm32f3xx_hal_i2c.o
 .debug_ranges  0x0000000000000440       0x38 Drivers/STM32F3xx_HAL_Driver/Src/stm32f3xx_hal_i2c_ex.o
 .debug_ranges  0x0000000000000478       0x78 Drivers/STM32F3xx_HAL_Driver/Src/stm32f3xx_hal_rcc.o
 .debug_ranges  0x00000000000004f0       0x28 Drivers/STM32F3xx_HAL_Driver/Src/stm32f3xx_hal_rcc_ex.o
 .debug_ranges  0x0000000000000518       0x38 Src/main.o
 .debug_ranges  0x0000000000000550       0x20 Src/stm32f3xx_hal_msp.o
 .debug_ranges  0x0000000000000570       0x28 Src/stm32f3xx_it.o
 .debug_ranges  0x0000000000000598       0x18 Src/system_stm32f3xx.o
 .debug_ranges  0x00000000000005b0       0x20 startup/startup_stm32f303xc.o

.debug_macro    0x0000000000000000    0x1cabf
 .debug_macro   0x0000000000000000      0x30e Drivers/STM32F3xx_HAL_Driver/Src/stm32f3xx_hal.o
 .debug_macro   0x000000000000030e      0x898 Drivers/STM32F3xx_HAL_Driver/Src/stm32f3xx_hal.o
 .debug_macro   0x0000000000000ba6      0x15a Drivers/STM32F3xx_HAL_Driver/Src/stm32f3xx_hal.o
 .debug_macro   0x0000000000000d00       0x92 Drivers/STM32F3xx_HAL_Driver/Src/stm32f3xx_hal.o
 .debug_macro   0x0000000000000d92       0x31 Drivers/STM32F3xx_HAL_Driver/Src/stm32f3xx_hal.o
 .debug_macro   0x0000000000000dc3       0x28 Drivers/STM32F3xx_HAL_Driver/Src/stm32f3xx_hal.o
 .debug_macro   0x0000000000000deb       0x22 Drivers/STM32F3xx_HAL_Driver/Src/stm32f3xx_hal.o
 .debug_macro   0x0000000000000e0d       0x87 Drivers/STM32F3xx_HAL_Driver/Src/stm32f3xx_hal.o
 .debug_macro   0x0000000000000e94       0x44 Drivers/STM32F3xx_HAL_Driver/Src/stm32f3xx_hal.o
 .debug_macro   0x0000000000000ed8       0xfd Drivers/STM32F3xx_HAL_Driver/Src/stm32f3xx_hal.o
 .debug_macro   0x0000000000000fd5       0x5e Drivers/STM32F3xx_HAL_Driver/Src/stm32f3xx_hal.o
 .debug_macro   0x0000000000001033      0x1df Drivers/STM32F3xx_HAL_Driver/Src/stm32f3xx_hal.o
 .debug_macro   0x0000000000001212       0x35 Drivers/STM32F3xx_HAL_Driver/Src/stm32f3xx_hal.o
 .debug_macro   0x0000000000001247       0x50 Drivers/STM32F3xx_HAL_Driver/Src/stm32f3xx_hal.o
 .debug_macro   0x0000000000001297      0xe66 Drivers/STM32F3xx_HAL_Driver/Src/stm32f3xx_hal.o
 .debug_macro   0x00000000000020fd    0x12a2c Drivers/STM32F3xx_HAL_Driver/Src/stm32f3xx_hal.o
 .debug_macro   0x0000000000014b29       0x43 Drivers/STM32F3xx_HAL_Driver/Src/stm32f3xx_hal.o
 .debug_macro   0x0000000000014b6c     0x3439 Drivers/STM32F3xx_HAL_Driver/Src/stm32f3xx_hal.o
 .debug_macro   0x0000000000017fa5       0x52 Drivers/STM32F3xx_HAL_Driver/Src/stm32f3xx_hal.o
 .debug_macro   0x0000000000017ff7       0x35 Drivers/STM32F3xx_HAL_Driver/Src/stm32f3xx_hal.o
 .debug_macro   0x000000000001802c       0x9c Drivers/STM32F3xx_HAL_Driver/Src/stm32f3xx_hal.o
 .debug_macro   0x00000000000180c8       0x16 Drivers/STM32F3xx_HAL_Driver/Src/stm32f3xx_hal.o
 .debug_macro   0x00000000000180de       0x97 Drivers/STM32F3xx_HAL_Driver/Src/stm32f3xx_hal.o
 .debug_macro   0x0000000000018175      0x30d Drivers/STM32F3xx_HAL_Driver/Src/stm32f3xx_hal.o
 .debug_macro   0x0000000000018482       0xfd Drivers/STM32F3xx_HAL_Driver/Src/stm32f3xx_hal.o
 .debug_macro   0x000000000001857f       0x10 Drivers/STM32F3xx_HAL_Driver/Src/stm32f3xx_hal.o
 .debug_macro   0x000000000001858f       0x52 Drivers/STM32F3xx_HAL_Driver/Src/stm32f3xx_hal.o
 .debug_macro   0x00000000000185e1       0x1f Drivers/STM32F3xx_HAL_Driver/Src/stm32f3xx_hal.o
 .debug_macro   0x0000000000018600       0x43 Drivers/STM32F3xx_HAL_Driver/Src/stm32f3xx_hal.o
 .debug_macro   0x0000000000018643       0x20 Drivers/STM32F3xx_HAL_Driver/Src/stm32f3xx_hal.o
 .debug_macro   0x0000000000018663      0x187 Drivers/STM32F3xx_HAL_Driver/Src/stm32f3xx_hal.o
 .debug_macro   0x00000000000187ea       0x10 Drivers/STM32F3xx_HAL_Driver/Src/stm32f3xx_hal.o
 .debug_macro   0x00000000000187fa       0x1c Drivers/STM32F3xx_HAL_Driver/Src/stm32f3xx_hal.o
 .debug_macro   0x0000000000018816       0x52 Drivers/STM32F3xx_HAL_Driver/Src/stm32f3xx_hal.o
 .debug_macro   0x0000000000018868       0x40 Drivers/STM32F3xx_HAL_Driver/Src/stm32f3xx_hal.o
 .debug_macro   0x00000000000188a8       0x10 Drivers/STM32F3xx_HAL_Driver/Src/stm32f3xx_hal.o
 .debug_macro   0x00000000000188b8       0x40 Drivers/STM32F3xx_HAL_Driver/Src/stm32f3xx_hal.o
 .debug_macro   0x00000000000188f8       0xd7 Drivers/STM32F3xx_HAL_Driver/Src/stm32f3xx_hal.o
 .debug_macro   0x00000000000189cf       0x16 Drivers/STM32F3xx_HAL_Driver/Src/stm32f3xx_hal.o
 .debug_macro   0x00000000000189e5      0x18b Drivers/STM32F3xx_HAL_Driver/Src/stm32f3xx_hal.o
 .debug_macro   0x0000000000018b70       0x49 Drivers/STM32F3xx_HAL_Driver/Src/stm32f3xx_hal.o
 .debug_macro   0x0000000000018bb9      0x969 Drivers/STM32F3xx_HAL_Driver/Src/stm32f3xx_hal.o
 .debug_macro   0x0000000000019522      0x5fe Drivers/STM32F3xx_HAL_Driver/Src/stm32f3xx_hal.o
 .debug_macro   0x0000000000019b20      0x13a Drivers/STM32F3xx_HAL_Driver/Src/stm32f3xx_hal.o
 .debug_macro   0x0000000000019c5a      0x1fb Drivers/STM32F3xx_HAL_Driver/Src/stm32f3xx_hal.o
 .debug_macro   0x0000000000019e55      0x1bc Drivers/STM32F3xx_HAL_Driver/Src/stm32f3xx_hal.o
 .debug_macro   0x000000000001a011       0x31 Drivers/STM32F3xx_HAL_Driver/Src/stm32f3xx_hal.o
 .debug_macro   0x000000000001a042       0x3c Drivers/STM32F3xx_HAL_Driver/Src/stm32f3xx_hal.o
 .debug_macro   0x000000000001a07e      0x23a Drivers/STM32F3xx_HAL_Driver/Src/stm32f3xx_hal.o
 .debug_macro   0x000000000001a2b8       0xcb Drivers/STM32F3xx_HAL_Driver/Src/stm32f3xx_hal.o
 .debug_macro   0x000000000001a383      0x22b Drivers/STM32F3xx_HAL_Driver/Src/stm32f3xx_hal.o
 .debug_macro   0x000000000001a5ae      0x202 Drivers/STM32F3xx_HAL_Driver/Src/stm32f3xx_hal.o
 .debug_macro   0x000000000001a7b0       0x5b Drivers/STM32F3xx_HAL_Driver/Src/stm32f3xx_hal.o
 .debug_macro   0x000000000001a80b       0x90 Drivers/STM32F3xx_HAL_Driver/Src/stm32f3xx_hal.o
 .debug_macro   0x000000000001a89b       0x82 Drivers/STM32F3xx_HAL_Driver/Src/stm32f3xx_hal.o
 .debug_macro   0x000000000001a91d       0xd4 Drivers/STM32F3xx_HAL_Driver/Src/stm32f3xx_hal.o
 .debug_macro   0x000000000001a9f1      0x26e Drivers/STM32F3xx_HAL_Driver/Src/stm32f3xx_hal.o
 .debug_macro   0x000000000001ac5f      0x2ea Drivers/STM32F3xx_HAL_Driver/Src/stm32f3xx_hal_cortex.o
 .debug_macro   0x000000000001af49      0x322 Drivers/STM32F3xx_HAL_Driver/Src/stm32f3xx_hal_gpio.o
 .debug_macro   0x000000000001b26b      0x3b6 Drivers/STM32F3xx_HAL_Driver/Src/stm32f3xx_hal_i2c.o
 .debug_macro   0x000000000001b621      0x2ea Drivers/STM32F3xx_HAL_Driver/Src/stm32f3xx_hal_i2c_ex.o
 .debug_macro   0x000000000001b90b      0x30e Drivers/STM32F3xx_HAL_Driver/Src/stm32f3xx_hal_rcc.o
 .debug_macro   0x000000000001bc19      0x2ea Drivers/STM32F3xx_HAL_Driver/Src/stm32f3xx_hal_rcc_ex.o
 .debug_macro   0x000000000001bf03      0x2ee Src/main.o
 .debug_macro   0x000000000001c1f1      0x2ea Src/stm32f3xx_hal_msp.o
 .debug_macro   0x000000000001c4db      0x2f4 Src/stm32f3xx_it.o
 .debug_macro   0x000000000001c7cf      0x2f0 Src/system_stm32f3xx.o

.debug_line     0x0000000000000000     0x805a
 .debug_line    0x0000000000000000      0x997 Drivers/STM32F3xx_HAL_Driver/Src/stm32f3xx_hal.o
 .debug_line    0x0000000000000997      0xb37 Drivers/STM32F3xx_HAL_Driver/Src/stm32f3xx_hal_cortex.o
 .debug_line    0x00000000000014ce      0x9c6 Drivers/STM32F3xx_HAL_Driver/Src/stm32f3xx_hal_gpio.o
 .debug_line    0x0000000000001e94     0x18d7 Drivers/STM32F3xx_HAL_Driver/Src/stm32f3xx_hal_i2c.o
 .debug_line    0x000000000000376b      0x97c Drivers/STM32F3xx_HAL_Driver/Src/stm32f3xx_hal_i2c_ex.o
 .debug_line    0x00000000000040e7     0x12c9 Drivers/STM32F3xx_HAL_Driver/Src/stm32f3xx_hal_rcc.o
 .debug_line    0x00000000000053b0      0xb34 Drivers/STM32F3xx_HAL_Driver/Src/stm32f3xx_hal_rcc_ex.o
 .debug_line    0x0000000000005ee4      0x7da Src/main.o
 .debug_line    0x00000000000066be      0x85d Src/stm32f3xx_hal_msp.o
 .debug_line    0x0000000000006f1b      0x868 Src/stm32f3xx_it.o
 .debug_line    0x0000000000007783      0x858 Src/system_stm32f3xx.o
 .debug_line    0x0000000000007fdb       0x7f startup/startup_stm32f303xc.o

.debug_str      0x0000000000000000    0xa3b2e
 .debug_str     0x0000000000000000    0xa1a99 Drivers/STM32F3xx_HAL_Driver/Src/stm32f3xx_hal.o
                                      0xa1efe (size before relaxing)
 .debug_str     0x00000000000a1a99      0x423 Drivers/STM32F3xx_HAL_Driver/Src/stm32f3xx_hal_cortex.o
                                      0xa2066 (size before relaxing)
 .debug_str     0x00000000000a1ebc      0x2b9 Drivers/STM32F3xx_HAL_Driver/Src/stm32f3xx_hal_gpio.o
                                      0xa1a2c (size before relaxing)
 .debug_str     0x00000000000a2175     0x1171 Drivers/STM32F3xx_HAL_Driver/Src/stm32f3xx_hal_i2c.o
                                      0xa2936 (size before relaxing)
 .debug_str     0x00000000000a32e6       0xb8 Drivers/STM32F3xx_HAL_Driver/Src/stm32f3xx_hal_i2c_ex.o
                                      0xa1d09 (size before relaxing)
 .debug_str     0x00000000000a339e      0x402 Drivers/STM32F3xx_HAL_Driver/Src/stm32f3xx_hal_rcc.o
                                      0xa1c4d (size before relaxing)
 .debug_str     0x00000000000a37a0      0x22f Drivers/STM32F3xx_HAL_Driver/Src/stm32f3xx_hal_rcc_ex.o
                                      0xa1a14 (size before relaxing)
 .debug_str     0x00000000000a39cf       0x7c Src/main.o
                                      0xa23cd (size before relaxing)
 .debug_str     0x00000000000a3a4b       0x1b Src/stm32f3xx_hal_msp.o
                                      0xa20c2 (size before relaxing)
 .debug_str     0x00000000000a3a66       0x64 Src/stm32f3xx_it.o
                                      0xa1714 (size before relaxing)
 .debug_str     0x00000000000a3aca       0x64 Src/system_stm32f3xx.o
                                      0xa180d (size before relaxing)

.comment        0x0000000000000000       0x6e
 .comment       0x0000000000000000       0x6e Drivers/STM32F3xx_HAL_Driver/Src/stm32f3xx_hal.o
                                         0x6f (size before relaxing)
 .comment       0x000000000000006e       0x6f Drivers/STM32F3xx_HAL_Driver/Src/stm32f3xx_hal_cortex.o
 .comment       0x000000000000006e       0x6f Drivers/STM32F3xx_HAL_Driver/Src/stm32f3xx_hal_gpio.o
 .comment       0x000000000000006e       0x6f Drivers/STM32F3xx_HAL_Driver/Src/stm32f3xx_hal_i2c.o
 .comment       0x000000000000006e       0x6f Drivers/STM32F3xx_HAL_Driver/Src/stm32f3xx_hal_i2c_ex.o
 .comment       0x000000000000006e       0x6f Drivers/STM32F3xx_HAL_Driver/Src/stm32f3xx_hal_rcc.o
 .comment       0x000000000000006e       0x6f Drivers/STM32F3xx_HAL_Driver/Src/stm32f3xx_hal_rcc_ex.o
 .comment       0x000000000000006e       0x6f Src/main.o
 .comment       0x000000000000006e       0x6f Src/stm32f3xx_hal_msp.o
 .comment       0x000000000000006e       0x6f Src/stm32f3xx_it.o
 .comment       0x000000000000006e       0x6f Src/system_stm32f3xx.o

.debug_frame    0x0000000000000000     0x1974
 .debug_frame   0x0000000000000000      0x270 Drivers/STM32F3xx_HAL_Driver/Src/stm32f3xx_hal.o
 .debug_frame   0x0000000000000270      0x498 Drivers/STM32F3xx_HAL_Driver/Src/stm32f3xx_hal_cortex.o
 .debug_frame   0x0000000000000708      0x14c Drivers/STM32F3xx_HAL_Driver/Src/stm32f3xx_hal_gpio.o
 .debug_frame   0x0000000000000854      0xafc Drivers/STM32F3xx_HAL_Driver/Src/stm32f3xx_hal_i2c.o
 .debug_frame   0x0000000000001350      0x100 Drivers/STM32F3xx_HAL_Driver/Src/stm32f3xx_hal_i2c_ex.o
 .debug_frame   0x0000000000001450      0x210 Drivers/STM32F3xx_HAL_Driver/Src/stm32f3xx_hal_rcc.o
 .debug_frame   0x0000000000001660       0xb4 Drivers/STM32F3xx_HAL_Driver/Src/stm32f3xx_hal_rcc_ex.o
 .debug_frame   0x0000000000001714       0xd8 Src/main.o
 .debug_frame   0x00000000000017ec       0x7c Src/stm32f3xx_hal_msp.o
 .debug_frame   0x0000000000001868       0x88 Src/stm32f3xx_it.o
 .debug_frame   0x00000000000018f0       0x58 Src/system_stm32f3xx.o
 .debug_frame   0x0000000000001948       0x2c /Users/koala/.local/share/gcc-arm-none-eabi-5_4-2016q3/bin/../lib/gcc/arm-none-eabi/5.4.1/../../../../arm-none-eabi/lib/armv7e-m/fpu/libc_nano.a(lib_a-init.o)
